---
pid: 17712
cwd: |
  C:\Users\ajaye\.cursor
last_command: git push
last_exit_code: 0
---
PS C:\Users\ajaye\.cursor> git push -u origin main
info: please complete authentication in your browser...
remote: Repository not found.
fatal: repository 'https://github.com/Blackthor84/workvouch.git/' not found
PS C:\Users\ajaye\.cursor> npm dev run
Unknown command: "dev"


Did you mean this?
  npm run dev # run the "dev" package script
To see a list of supported npm commands, run:
  npm help
PS C:\Users\ajaye\.cursor> git init
Reinitialized existing Git repository in C:/Users/ajaye/.cursor/.git/
PS C:\Users\ajaye\.cursor> git add .
warning: in the working copy of 'components/sign-up-form.tsx', LF will be replaced by CRLF the next time Git touches it
warning: in the working copy of 'projects/c-Users-ajaye-cursor/terminals/1.txt', LF will be replaced by CRLF the next time Git touches it
warning: in the working copy of 'projects/c-Users-ajaye-cursor/terminals/3.txt', LF will be replaced by CRLF the next time Git touches it
PS C:\Users\ajaye\.cursor> git commit -m "Add expanded roles and onboarding updates"
[main 75d3d29] Add expanded roles and onboarding updates
 24 files changed, 3562 insertions(+), 51 deletions(-)
 create mode 100644 HEALTHCARE_ONBOARDING_COMPLETE.md
 create mode 100644 HOW_TO_RUN_SQL.md
 create mode 100644 MULTI_INDUSTRY_ONBOARDING_COMPLETE.md
 create mode 100644 app/employer/search/healthcare/page.tsx
 create mode 100644 app/onboarding/[industry]/coworkers/page.tsx
 create mode 100644 app/onboarding/[industry]/job/page.tsx
 create mode 100644 app/onboarding/[industry]/role/page.tsx
 create mode 100644 app/onboarding/[industry]/setting/page.tsx
 create mode 100644 app/onboarding/employer/healthcare/job-post/page.tsx
 create mode 100644 app/onboarding/employer/healthcare/page.tsx
 create mode 100644 app/onboarding/healthcare/coworkers/page.tsx
 create mode 100644 app/onboarding/healthcare/job/page.tsx
 create mode 100644 app/onboarding/healthcare/role/page.tsx
 create mode 100644 app/onboarding/healthcare/setting/page.tsx
 create mode 100644 lib/constants/industries.ts
 create mode 100644 projects/c-Users-ajaye-cursor/terminals/3.txt
 create mode 100644 supabase/schema_healthcare_onboarding.sql
 create mode 100644 supabase/schema_multi_industry_onboarding.sql
PS C:\Users\ajaye\.cursor> git remote add origin https://github.com/Blackthor84/workvouch.git
error: remote origin already exists.
PS C:\Users\ajaye\.cursor> git branch -M main
PS C:\Users\ajaye\.cursor> git push -u origin main
info: please complete authentication in your browser...
To https://github.com/Blackthor84/workvouch.git
 ! [rejected]        main -> main (fetch first)
error: failed to push some refs to 'https://github.com/Blackthor84/workvouch.git'
hint: Updates were rejected because the remote contains work that you do not
hint: have locally. This is usually caused by another repository pushing to
hint: the same ref. If you want to integrate the remote changes, use
hint: 'git pull' before pushing again.
hint: See the 'Note about fast-forwards' in 'git push --help' for details.
PS C:\Users\ajaye\.cursor> git remote add origin https://github.com/Blackthor84/workvouch.git
error: remote origin already exists.
PS C:\Users\ajaye\.cursor> git branch -M main
PS C:\Users\ajaye\.cursor> git push -u origin main
To https://github.com/Blackthor84/workvouch.git
 ! [rejected]        main -> main (fetch first)
error: failed to push some refs to 'https://github.com/Blackthor84/workvouch.git'
hint: Updates were rejected because the remote contains work that you do not
hint: have locally. This is usually caused by another repository pushing to
hint: the same ref. If you want to integrate the remote changes, use
hint: 'git pull' before pushing again.
hint: See the 'Note about fast-forwards' in 'git push --help' for details.
PS C:\Users\ajaye\.cursor> git pull origin main --rebase
error: cannot pull with rebase: You have unstaged changes.
error: Please commit or stash them.
PS C:\Users\ajaye\.cursor> git add .
warning: in the working copy of 'projects/c-Users-ajaye-cursor/terminals/1.txt', LF will be replaced by CRLF the next time Git touches it
PS C:\Users\ajaye\.cursor> git commit -m "Add expanded roles and onboarding updates"
[main 6a6d789] Add expanded roles and onboarding updates
 2 files changed, 57 insertions(+), 3 deletions(-)
PS C:\Users\ajaye\.cursor> git pull origin main --rebase
error: cannot pull with rebase: You have unstaged changes.
error: Please commit or stash them.
PS C:\Users\ajaye\.cursor> git add -A
warning: in the working copy of 'projects/c-Users-ajaye-cursor/terminals/1.txt', LF will be replaced by CRLF the next time Git touches it
PS C:\Users\ajaye\.cursor> git commit -m "Stage all remaining changes before pull"
[main e27ff72] Stage all remaining changes before pull
 2 files changed, 10 insertions(+), 1 deletion(-)
PS C:\Users\ajaye\.cursor> git pull origin main --rebase
error: cannot pull with rebase: You have unstaged changes.
error: Please commit or stash them.
PS C:\Users\ajaye\.cursor> git config --global core.autocrlf true
PS C:\Users\ajaye\.cursor> git reset --hard
Unlink of file 'ai-tracking/ai-code-tracking.db' failed. Should I try again? (y/n) 
 *  History restored 

PS C:\Users\ajaye\.cursor> git reset --hard
fatal: Unable to create 'C:/Users/ajaye/.cursor/.git/index.lock': File exists.

Another git process seems to be running in this repository, e.g.
an editor opened by 'git commit'. Please make sure all processes
are terminated then try again. If it still fails, a git process
may have crashed in this repository earlier:
remove the file manually to continue.
PS C:\Users\ajaye\.cursor> del .git\index.lock
PS C:\Users\ajaye\.cursor> git reset --hard
Unlink of file 'ai-tracking/ai-code-tracking.db' failed. Should I try again? (y/n) 
 *  History restored 

PS C:\Users\ajaye\.cursor> git push --set-upstream origin main
branch 'main' set up to track 'origin/main'.
Everything up-to-date
PS C:\Users\ajaye\.cursor> git add .
warning: in the working copy of 'QUICK_START.md', LF will be replaced by CRLF the next time Git touches it
warning: in the working copy of 'components/sign-up-form.tsx', LF will be replaced by CRLF the next time Git touches it
warning: in the working copy of 'supabase/fix_signup_trigger_WITH_ROLES.sql', LF will be replaced by CRLF the next time Git touches it
warning: in the working copy of 'projects/c-Users-ajaye-cursor/terminals/1.txt', LF will be replaced by CRLF the next time Git touches it
PS C:\Users\ajaye\.cursor> git commit -m "Fix server/client issues, remove duplicate variables, rename app to WorkVouch"
[main 1047dd0] Fix server/client issues, remove duplicate variables, rename app to WorkVouch
 46 files changed, 2419 insertions(+), 2133 deletions(-)
 create mode 100644 ai-tracking/ai-code-tracking.db
 create mode 100644 app/api/user/filter-coworkers/route.ts
 create mode 100644 app/employer/search/healthcare/healthcare-search-client.tsx
 create mode 100644 app/onboarding/[industry]/coworkers/coworkers-form-client.tsx
 create mode 100644 app/onboarding/[industry]/job/job-form-client.tsx
 create mode 100644 app/onboarding/[industry]/role/role-form-client.tsx
 create mode 100644 app/onboarding/[industry]/setting/setting-form-client.tsx
 create mode 100644 app/onboarding/employer/healthcare/employer-onboarding-client.tsx
 create mode 100644 app/onboarding/employer/healthcare/job-post/job-post-client.tsx
 create mode 100644 app/onboarding/healthcare/coworkers/healthcare-coworkers-client.tsx
 create mode 100644 app/onboarding/healthcare/job/healthcare-job-client.tsx
 create mode 100644 app/onboarding/healthcare/role/healthcare-role-client.tsx
 create mode 100644 app/onboarding/healthcare/setting/healthcare-setting-client.tsx
 create mode 100644 app/onboarding/warehouse/warehouse-onboarding-client.tsx
 create mode 100644 app/onboarding/warehouse/warehouse-onboarding-wrapper.tsx
 create mode 100644 projects/c-Users-ajaye-cursor/terminals/1.txt
PS C:\Users\ajaye\.cursor> git push
Enumerating objects: 154, done.
Counting objects: 100% (154/154), done.
Delta compression using up to 16 threads
Compressing objects: 100% (77/77), done.
Writing objects: 100% (90/90), 116.19 KiB | 3.87 MiB/s, done.
Total 90 (delta 48), reused 0 (delta 0), pack-reused 0 (from 0)
remote: Resolving deltas: 100% (48/48), completed with 32 local objects.
remote: This repository moved. Please use the new location:
remote:   https://github.com/Blackthor84/WorkVouch.git
To https://github.com/Blackthor84/workvouch.git
   ee78ef2..1047dd0  main -> main
PS C:\Users\ajaye\.cursor> npm install next@latest eslint@latest rimraf@latest glob@latest
npm warn ERESOLVE overriding peer dependency
npm warn While resolving: workvouch@0.1.0
npm warn Found: eslint@8.57.1
npm warn node_modules/eslint
npm warn   peer eslint@"^6.0.0 || ^7.0.0 || >=8.0.0" from @eslint-community/eslint-utils@4.9.1
npm warn   node_modules/@eslint-community/eslint-utils
npm warn     @eslint-community/eslint-utils@"^4.2.0" from eslint@8.57.1
npm warn   8 more (@typescript-eslint/parser, eslint-config-next, ...)
npm warn
npm warn Could not resolve dependency:
npm warn peer eslint@"^7.23.0 || ^8.0.0" from eslint-config-next@14.0.4
npm warn node_modules/eslint-config-next
npm warn   dev eslint-config-next@"14.0.4" from the root project
npm warn ERESOLVE overriding peer dependency
npm warn ERESOLVE overriding peer dependency
npm warn deprecated glob@7.1.7: Glob versions prior to v9 are no longer supported

added 27 packages, removed 17 packages, changed 15 packages, and audited 582 packages in 36s

161 packages are looking for funding
  run `npm fund` for details

5 vulnerabilities (3 low, 2 high)

To address issues that do not require attention, run:
  npm audit fix

To address all issues possible (including breaking changes), run:
  npm audit fix --force

Some issues need review, and may require choosing
a different dependency.

Run `npm audit` for details.
PS C:\Users\ajaye\.cursor> git add .
warning: in the working copy of 'projects/c-Users-ajaye-cursor/terminals/1.txt', LF will be replaced by CRLF the next time Git touches it
PS C:\Users\ajaye\.cursor> git commit -m "Fix redeclarations and server/client issues"
[main 9febc9e] Fix redeclarations and server/client issues
 5 files changed, 1040 insertions(+), 361 deletions(-)
PS C:\Users\ajaye\.cursor> git push
Enumerating objects: 25, done.
Counting objects: 100% (25/25), done.
Delta compression using up to 16 threads
Compressing objects: 100% (9/9), done.
Writing objects: 100% (13/13), 11.30 KiB | 723.00 KiB/s, done.
Total 13 (delta 8), reused 0 (delta 0), pack-reused 0 (from 0)
remote: Resolving deltas: 100% (8/8), completed with 8 local objects.
remote: This repository moved. Please use the new location:
remote:   https://github.com/Blackthor84/WorkVouch.git
To https://github.com/Blackthor84/workvouch.git
   1047dd0..9febc9e  main -> main
PS C:\Users\ajaye\.cursor> npm install --legacy-peer-deps

up to date, audited 582 packages in 2s

161 packages are looking for funding
  run `npm fund` for details

5 vulnerabilities (3 low, 2 high)

To address issues that do not require attention, run:
  npm audit fix

To address all issues possible (including breaking changes), run:
  npm audit fix --force

Some issues need review, and may require choosing
a different dependency.

Run `npm audit` for details.
PS C:\Users\ajaye\.cursor> git add package-lock.json
PS C:\Users\ajaye\.cursor> git commit -m "Fix ESLint peer dependency for Vercel"
[main 62230cb] Fix ESLint peer dependency for Vercel
 1 file changed, 14 deletions(-)
PS C:\Users\ajaye\.cursor> git push
Enumerating objects: 5, done.
Counting objects: 100% (5/5), done.
Delta compression using up to 16 threads
Compressing objects: 100% (3/3), done.
Writing objects: 100% (3/3), 499 bytes | 499.00 KiB/s, done.
Total 3 (delta 2), reused 0 (delta 0), pack-reused 0 (from 0)
remote: Resolving deltas: 100% (2/2), completed with 2 local objects.
remote: This repository moved. Please use the new location:
remote:   https://github.com/Blackthor84/WorkVouch.git
To https://github.com/Blackthor84/workvouch.git
   9febc9e..62230cb  main -> main
PS C:\Users\ajaye\.cursor> npm install --legacy-peer-deps

up to date, audited 582 packages in 2s

161 packages are looking for funding
  run `npm fund` for details

5 vulnerabilities (3 low, 2 high)

To address issues that do not require attention, run:
  npm audit fix

To address all issues possible (including breaking changes), run:
  npm audit fix --force

Some issues need review, and may require choosing
a different dependency.

Run `npm audit` for details.
PS C:\Users\ajaye\.cursor> git add package-lock.json
PS C:\Users\ajaye\.cursor> git commit -m "Fix ESLint dependency for Vercel"
On branch main
Your branch is up to date with 'origin/main'.

Changes not staged for commit:
  (use "git add <file>..." to update what will be committed)
  (use "git restore <file>..." to discard changes in working directory)
        modified:   ai-tracking/ai-code-tracking.db
        modified:   projects/c-Users-ajaye-cursor/terminals/1.txt

no changes added to commit (use "git add" and/or "git commit -a")
PS C:\Users\ajaye\.cursor> git push
Everything up-to-date
PS C:\Users\ajaye\.cursor> # 1 Rename all peercv references to workvouch
PS C:\Users\ajaye\.cursor> # (This updates file names and all code occurrences)
PS C:\Users\ajaye\.cursor> git ls-files | xargs sed -i "s/peercv/workvouch/g"
xargs : The term 'xargs' is not recognized as the name of a cmdlet, function, script file, or operable program. Check the spelling of the 
name, or if a path was included, verify that the path is correct and try again.
At line:1 char:16
+ git ls-files | xargs sed -i "s/peercv/workvouch/g"
+                ~~~~~
    + CategoryInfo          : ObjectNotFound: (xargs:String) [], CommandNotFoundException
    + FullyQualifiedErrorId : CommandNotFoundException

PS C:\Users\ajaye\.cursor> git ls-files | grep "peercv" | while read file; do mv "$file" "${file//peercv/workvouch}"; done
At line:1 char:51
+ git ls-files | grep "peercv" | while read file; do mv "$file" "${file ...
+                                                   ~
Missing statement body in do loop.
    + CategoryInfo          : ParserError: (:) [], ParentContainsErrorRecordException
    + FullyQualifiedErrorId : MissingLoopStatement

PS C:\Users\ajaye\.cursor> 
PS C:\Users\ajaye\.cursor> # 2 Fix ESLint dependency conflicts
PS C:\Users\ajaye\.cursor> npm install eslint@8.57.1 --save-dev
npm warn deprecated @humanwhocodes/config-array@0.13.0: Use @eslint/config-array instead
npm warn deprecated rimraf@3.0.2: Rimraf versions prior to v4 are no longer supported
npm warn deprecated @humanwhocodes/object-schema@2.0.3: Use @eslint/object-schema instead
npm warn deprecated glob@7.2.3: Glob versions prior to v9 are no longer supported
npm warn deprecated eslint@8.57.1: This version is no longer supported. Please see https://eslint.org/version-support for other options.    

added 12 packages, removed 12 packages, changed 8 packages, and audited 582 packages in 4s

161 packages are looking for funding
  run `npm fund` for details

5 vulnerabilities (3 low, 2 high)

To address issues that do not require attention, run:
  npm audit fix

To address all issues possible (including breaking changes), run:
  npm audit fix --force

Some issues need review, and may require choosing
a different dependency.

Run `npm audit` for details.
PS C:\Users\ajaye\.cursor> npm install --legacy-peer-deps

up to date, audited 582 packages in 2s

161 packages are looking for funding
  run `npm fund` for details

5 vulnerabilities (3 low, 2 high)

To address issues that do not require attention, run:
  npm audit fix

To address all issues possible (including breaking changes), run:
  npm audit fix --force

Some issues need review, and may require choosing
a different dependency.

Run `npm audit` for details.
PS C:\Users\ajaye\.cursor> 
PS C:\Users\ajaye\.cursor> # 3 Clean old lock files and node_modules (optional but safer)
PS C:\Users\ajaye\.cursor> rm -rf node_modules package-lock.json
Remove-Item : A parameter cannot be found that matches parameter name 'rf'.
At line:1 char:4
+ rm -rf node_modules package-lock.json
+    ~~~
    + CategoryInfo          : InvalidArgument: (:) [Remove-Item], ParameterBindingException
    + FullyQualifiedErrorId : NamedParameterNotFound,Microsoft.PowerShell.Commands.RemoveItemCommand

PS C:\Users\ajaye\.cursor> npm install --legacy-peer-deps

up to date, audited 582 packages in 2s

161 packages are looking for funding
  run `npm fund` for details

5 vulnerabilities (3 low, 2 high)

To address issues that do not require attention, run:
  npm audit fix

To address all issues possible (including breaking changes), run:
  npm audit fix --force

Some issues need review, and may require choosing
a different dependency.

Run `npm audit` for details.
PS C:\Users\ajaye\.cursor> 
PS C:\Users\ajaye\.cursor> # 4 Build locally to make sure it works
PS C:\Users\ajaye\.cursor> npm run build

> workvouch@0.1.0 build
> next build

⚠ `eslint` configuration in next.config.js is no longer supported. See more info here: https://nextjs.org/docs/app/api-reference/cli/next#next-lint-options
⚠ `images.domains` is deprecated in favor of `images.remotePatterns`. Please update next.config.js to protect your application from malicious users.
⚠ Invalid next.config.js options detected:
⚠     Unrecognized key(s) in object: 'eslint'
⚠ See more info here: https://nextjs.org/docs/messages/invalid-next-config
▲ Next.js 16.1.4 (Turbopack)
- Environments: .env.local

⚠ The "middleware" file convention is deprecated. Please use "proxy" instead. Learn more: https://nextjs.org/docs/messages/middleware-to-proxy
  Creating an optimized production build ...
⨯ ERROR: This build is using Turbopack, with a `webpack` config and no `turbopack` config.
   This may be a mistake.

   As of Next.js 16 Turbopack is enabled by default and
   custom webpack configurations may need to be migrated to Turbopack.

   NOTE: your `webpack` config may have been added by a configuration plugin.

   To configure Turbopack, see https://nextjs.org/docs/app/api-reference/next-config-js/turbopack

   TIP: Many applications work fine under Turbopack with no configuration,
   if that is the case for you, you can silence this error by passing the
   `--turbopack` or `--webpack` flag explicitly or simply setting an
   empty turbopack config in your Next config file (e.g. `turbopack: {}`).

> Build error occurred
Error: Call retries were exceeded
    at ignore-listed frames {
  type: 'WorkerError'
}
PS C:\Users\ajaye\.cursor> 
PS C:\Users\ajaye\.cursor> # 5 Commit all changes
PS C:\Users\ajaye\.cursor> git add .
warning: in the working copy of 'projects/c-Users-ajaye-cursor/terminals/1.txt', LF will be replaced by CRLF the next time Git touches it
PS C:\Users\ajaye\.cursor> git commit -m "Rename peercv  workvouch and fix ESLint for deployment"
[main a2c50f2] Rename peercv  workvouch and fix ESLint for deployment
 4 files changed, 423 insertions(+), 208 deletions(-)
PS C:\Users\ajaye\.cursor> git push
Enumerating objects: 19, done.
Counting objects: 100% (19/19), done.
Delta compression using up to 16 threads
Compressing objects: 100% (6/6), done.
Writing objects: 100% (10/10), 6.25 KiB | 913.00 KiB/s, done.
Total 10 (delta 5), reused 0 (delta 0), pack-reused 0 (from 0)
remote: Resolving deltas: 100% (5/5), completed with 5 local objects.
remote: This repository moved. Please use the new location:
remote:   https://github.com/Blackthor84/WorkVouch.git
To https://github.com/Blackthor84/workvouch.git
   62230cb..a2c50f2  main -> main
PS C:\Users\ajaye\.cursor> 
PS C:\Users\ajaye\.cursor> # 6 Deployment reminder
PS C:\Users\ajaye\.cursor> echo " All set! Go to Vercel and hit Redeploy. Deployment should succeed."
 All set! Go to Vercel and hit Redeploy. Deployment should succeed.
PS C:\Users\ajaye\.cursor> // next.config.js
// : The term '//' is not recognized as the name of a cmdlet, function, script file, or operable program. Check the spelling of the name, 
or if a path was included, verify that the path is correct and try again.
At line:1 char:1
+ // next.config.js
+ ~~
    + CategoryInfo          : ObjectNotFound: (//:String) [], CommandNotFoundException
    + FullyQualifiedErrorId : CommandNotFoundException

PS C:\Users\ajaye\.cursor> /** @type {import('next').NextConfig} */
/** : The term '/**' is not recognized as the name of a cmdlet, function, script file, or operable program. Check the spelling of the 
name, or if a path was included, verify that the path is correct and try again.
At line:1 char:1
+ /** @type {import('next').NextConfig} */
+ ~~~
    + CategoryInfo          : ObjectNotFound: (/**:String) [], CommandNotFoundException
    + FullyQualifiedErrorId : CommandNotFoundException

PS C:\Users\ajaye\.cursor> const nextConfig = {
>>   webpack: (config, { isServer }) => {
>>     // keep your existing webpack tweaks
>>     return config
>>   },
>>   experimental: {
>>     turbo: false, // disable Turbopack
>>   },
>> }
At line:2 char:19
+   webpack: (config, { isServer }) => {
+                   ~
Missing argument in parameter list.
At line:8 char:5
+   },
+     ~
Missing expression after ',' in pipeline element.
    + CategoryInfo          : ParserError: (:) [], ParentContainsErrorRecordException
    + FullyQualifiedErrorId : MissingArgument

PS C:\Users\ajaye\.cursor>
PS C:\Users\ajaye\.cursor> module.exports = nextConfig
module.exports : The term 'module.exports' is not recognized as the name of a cmdlet, function, script file, or operable program. Check 
the spelling of the name, or if a path was included, verify that the path is correct and try again.
At line:1 char:1
+ module.exports = nextConfig
+ ~~~~~~~~~~~~~~
    + CategoryInfo          : ObjectNotFound: (module.exports:String) [], CommandNotFoundException
    + FullyQualifiedErrorId : CommandNotFoundException

PS C:\Users\ajaye\.cursor> npm install --force
npm warn using --force Recommended protections disabled.

up to date, audited 582 packages in 2s

161 packages are looking for funding
  run `npm fund` for details

5 vulnerabilities (3 low, 2 high)

To address issues that do not require attention, run:
  npm audit fix

To address all issues possible (including breaking changes), run:
  npm audit fix --force

Some issues need review, and may require choosing
a different dependency.

Run `npm audit` for details.
PS C:\Users\ajaye\.cursor> git add next.config.js
PS C:\Users\ajaye\.cursor> git commit -m "Fix Next.js 16 build for Vercel"
[main 911dd5c] Fix Next.js 16 build for Vercel
 1 file changed, 11 insertions(+), 8 deletions(-)
PS C:\Users\ajaye\.cursor> git push
Enumerating objects: 5, done.
Counting objects: 100% (5/5), done.
Delta compression using up to 16 threads
Compressing objects: 100% (3/3), done.
Writing objects: 100% (3/3), 499 bytes | 499.00 KiB/s, done.
Total 3 (delta 2), reused 0 (delta 0), pack-reused 0 (from 0)
remote: Resolving deltas: 100% (2/2), completed with 2 local objects.
remote: This repository moved. Please use the new location:
remote:   https://github.com/Blackthor84/WorkVouch.git
To https://github.com/Blackthor84/workvouch.git
   a2c50f2..911dd5c  main -> main
PS C:\Users\ajaye\.cursor> npm install --legacy-peer-deps

up to date, audited 582 packages in 3s

161 packages are looking for funding
  run `npm fund` for details

5 vulnerabilities (3 low, 2 high)

To address issues that do not require attention, run:
  npm audit fix

To address all issues possible (including breaking changes), run:
  npm audit fix --force

Some issues need review, and may require choosing
a different dependency.

Run `npm audit` for details.
PS C:\Users\ajaye\.cursor> git add next.config.js
PS C:\Users\ajaye\.cursor> git commit -m "Fix Next.js 16 build: disable Turbopack, update webpack and ESLint"
[main 0f8a595] Fix Next.js 16 build: disable Turbopack, update webpack and ESLint
 1 file changed, 2 insertions(+), 1 deletion(-)
PS C:\Users\ajaye\.cursor> git push
Enumerating objects: 5, done.
Counting objects: 100% (5/5), done.
Delta compression using up to 16 threads
Compressing objects: 100% (3/3), done.
Writing objects: 100% (3/3), 423 bytes | 211.00 KiB/s, done.
Total 3 (delta 2), reused 0 (delta 0), pack-reused 0 (from 0)
remote: Resolving deltas: 100% (2/2), completed with 2 local objects.
remote: This repository moved. Please use the new location:
remote:   https://github.com/Blackthor84/WorkVouch.git
To https://github.com/Blackthor84/workvouch.git
   911dd5c..0f8a595  main -> main
PS C:\Users\ajaye\.cursor> /app/page.tsx
/app/page.tsx : The term '/app/page.tsx' is not recognized as the name of a cmdlet, function, script file, or operable program. Check the 
spelling of the name, or if a path was included, verify that the path is correct and try again.
At line:1 char:1
+ /app/page.tsx
+ ~~~~~~~~~~~~~
    + CategoryInfo          : ObjectNotFound: (/app/page.tsx:String) [], CommandNotFoundException
    + FullyQualifiedErrorId : CommandNotFoundException


Suggestion [3,General]: The command /app/page.tsx was not found, but does exist in the current location. Windows PowerShell does not load commands from the current location by default. If you trust this command, instead type: ".\/app/page.tsx". See "get-help about_Command_Precedence" for more details.
PS C:\Users\ajaye\.cursor> ls


    Directory: C:\Users\ajaye\.cursor


Mode                 LastWriteTime         Length Name
----                 -------------         ------ ----
d-----         1/19/2026  10:19 PM                .next
d-----         1/19/2026  10:38 PM                ai-tracking
d-----         1/19/2026   6:40 PM                app
d-----         1/19/2026   6:41 PM                components
d-----         1/19/2026   6:40 PM                docs
d-----         1/19/2026   6:40 PM                extensions
d-----         1/19/2026   6:41 PM                lib
d-----         1/19/2026   6:40 PM                mobile
d-----         1/19/2026   9:51 PM                node_modules
d-----         1/19/2026   6:40 PM                prisma
d-----         1/19/2026   7:08 PM                projects
d-----         1/19/2026   6:40 PM                public
d-----         1/19/2026   6:40 PM                scripts
d-----         1/19/2026   6:41 PM                supabase
d-----         1/19/2026   6:40 PM                types
-a----         1/17/2026   3:20 AM            669 .env.local
-a----         1/19/2026   8:37 PM            150 .eslintrc.json
-a----         1/19/2026   6:40 PM            516 .gitignore
-a----         1/19/2026   6:40 PM              9 .nextignore
-a----         1/19/2026   6:40 PM           1832 ADD_LOGO_INSTRUCTIONS.md
-a----         1/19/2026   6:40 PM           5349 AI_MATCHING_SETUP.md
-a----         1/19/2026   6:40 PM           6945 ARCHITECTURE.md
-a----         1/19/2026   6:40 PM            817 argv.json
-a----         1/19/2026   6:40 PM           1474 ASSIGN_EMPLOYER_ROLE.sql
-a----         1/19/2026   6:40 PM           1560 CHECK_TRIGGER_ERROR.md
-a----         1/19/2026   6:40 PM           4087 COMPLETE_ADMIN_SETUP.md
-a----         1/19/2026   6:40 PM              0 COMPLETE_FIX.sql
-a----         1/19/2026   6:40 PM           7475 COMPLETE_SETUP_CHECKLIST.md
-a----         1/19/2026   6:40 PM           2018 CREATE_ADMIN_USER.md
-a----         1/19/2026   6:40 PM           1078 CREATE_MESSAGES_AND_JOBS_TABLES.md
-a----         1/19/2026   6:40 PM           1288 CREATE_PROFILE_MANUAL.sql
-a----         1/19/2026   6:40 PM           1477 DEBUG_500_ERROR.md
-a----         1/19/2026   6:40 PM            982 DEBUG_BLANK_PAGE.md
-a----         1/19/2026   6:40 PM           1128 DEBUG_SIGNUP.md
-a----         1/19/2026   6:40 PM           1066 DISABLE_EMAIL_CONFIRMATION.md
-a----         1/19/2026   6:40 PM           3308 EMPLOYER_SEARCH_SETUP.md
-a----         1/19/2026   6:40 PM           5615 EMPLOYER_TOOLS_COMPLETE.md
-a----         1/19/2026   6:40 PM           2497 EMPLOYER_TOOLS_IMPLEMENTATION.md
-a----         1/19/2026   6:40 PM           4826 FEATURE_DEPLOYMENT_STATUS.md
-a----         1/19/2026   6:40 PM           3673 FINAL_IMPLEMENTATION_SUMMARY.md
-a----         1/19/2026   6:40 PM           2133 FINAL_SETUP_INSTRUCTIONS.md
-a----         1/19/2026   6:40 PM           2041 FINAL_SIGNUP_FIX.md
-a----         1/19/2026   6:40 PM            726 FIX_BLANK_PAGE.md
-a----         1/19/2026   6:40 PM           1695 FIX_CANDIDATE_SEARCH.md
-a----         1/19/2026   6:40 PM           1861 FIX_EMPLOYER_REDIRECT.md
-a----         1/19/2026   6:40 PM           1928 FIX_FAILED_TO_FETCH.md
-a----         1/19/2026   6:40 PM           1995 fix_infinite_recursion.sql
-a----         1/19/2026   6:40 PM           1211 FIX_MY_EMPLOYER_ROLE.sql
-a----         1/19/2026   6:40 PM            862 FIX_POWERSHELL.md
-a----         1/19/2026   6:40 PM           1631 fix_profile_trigger.sql
-a----         1/19/2026   6:40 PM           2616 FIX_RECURSION_FINAL.sql
-a----         1/19/2026   6:40 PM           4673 FIX_RECURSION_NOW.sql
-a----         1/19/2026   6:40 PM           1313 fix_rls_policies.sql
-a----         1/19/2026   6:40 PM           1529 FIX_ROUTE_CONFLICT.md
-a----         1/19/2026   6:40 PM           1223 FIX_SEARCH_USERS_ERROR.md
-a----         1/19/2026   6:40 PM           1454 FIX_SIGNUP_ERROR.md
-a----         1/19/2026   6:40 PM           1476 FIX_SIGNUP_NOW.md
-a----         1/19/2026   6:40 PM           1786 FIX_USERS_TABLE_ERROR.md
-a----         1/19/2026   6:40 PM            393 fix_user_roles_policy.sql
-a----         1/19/2026   6:40 PM           2156 GET_SUPABASE_CREDENTIALS.md
-a----         1/19/2026   7:08 PM           5921 HEALTHCARE_ONBOARDING_COMPLETE.md
-a----         1/19/2026   6:40 PM            958 HIDE_WARNINGS.md
-a----         1/19/2026   6:40 PM           2639 HOW_TO_ADD_SUPERADMIN.md
-a----         1/19/2026   7:08 PM           2862 HOW_TO_RUN_SQL.md
-a----         1/19/2026   6:40 PM           2292 HOW_TO_RUN_WAREHOUSING_MIGRATION.md
-a----         1/19/2026   7:08 PM           1381 ide_state.json
-a----         1/19/2026   6:40 PM           5540 IMPLEMENTATION_SUMMARY.md
-a----         1/19/2026   6:40 PM           4206 INDUSTRY_FOCUS_UPDATE.md
-a----         1/19/2026   6:40 PM           1889 MAKE_AJAYE_SUPERADMIN.sql
-a----         1/19/2026   6:40 PM           2310 MAKE_MYSELF_ADMIN.sql
-a----         1/19/2026   6:40 PM           1846 MAKE_MYSELF_SUPERADMIN.sql
-a----         1/19/2026   6:40 PM           3714 MATCHING_SYSTEMS_STATUS.md
-a----         1/19/2026   6:40 PM           2110 middleware.ts
-a----         1/19/2026   6:40 PM           2638 MIGRATION_INSTRUCTIONS.md
-a----         1/19/2026   7:08 PM           6060 MULTI_INDUSTRY_ONBOARDING_COMPLETE.md
-a----         1/19/2026  10:00 PM            253 next-env.d.ts
-a----         1/19/2026  10:19 PM           1337 next.config.js
-a----         1/19/2026  10:20 PM         306777 package-lock.json
-a----         1/19/2026   9:51 PM           1055 package.json
-a----         1/19/2026   6:40 PM           8729 PEERCV_COMPLETE_UPDATE.md
-a----         1/19/2026   6:40 PM             90 postcss.config.js
-a----         1/19/2026   6:40 PM           2083 QUICK_ADD_ROLE_COLUMN.sql
-a----         1/19/2026   6:40 PM           2013 QUICK_ADMIN_SETUP.md
-a----         1/19/2026   6:40 PM            855 QUICK_COMMANDS.md
-a----         1/19/2026   6:40 PM           3012 QUICK_CREATE_NOTIFICATIONS_TABLE.sql
-a----         1/19/2026   6:40 PM           2854 QUICK_FIX_TABLES.sql
-a----         1/19/2026   7:08 PM           2675 QUICK_START.md
-a----         1/19/2026   6:40 PM           2097 QUICK_START_CHECKLIST.md
-a----         1/19/2026   6:40 PM           2157 QUICK_STATUS_CHECK.md
-a----         1/19/2026   6:40 PM           2892 QUICK_SUPERADMIN_SETUP.md
-a----         1/19/2026   6:41 PM           1545 README.md
-a----         1/19/2026   6:40 PM           7677 README_V2.md
-a----         1/19/2026   6:40 PM            950 RESTART_DEV_SERVER.md
-a----         1/19/2026   6:40 PM           1147 RESTART_DEV_SERVER_FIX.md
-a----         1/19/2026   6:40 PM           3804 RESUME_UPLOAD_SETUP.md
-a----         1/19/2026   6:40 PM           3742 SETUP.md
-a----         1/19/2026   6:40 PM           1804 SETUP_COMMANDS.md
-a----         1/19/2026   6:40 PM           5225 SETUP_INSTRUCTIONS.md
-a----         1/19/2026   6:40 PM           1358 SETUP_ROLE_COLUMN_FIRST.md
-a----         1/19/2026   6:40 PM           1116 START_APP.md
-a----         1/19/2026   6:40 PM           9188 STEP_BY_STEP_SETUP.md
-a----         1/19/2026   6:40 PM           8340 STRIPE_CONNECTION_GUIDE.md
-a----         1/19/2026   6:40 PM           1273 STRIPE_OPTIONAL.md
-a----         1/19/2026   6:40 PM           9400 STRIPE_SETUP_GUIDE.md
-a----         1/19/2026   6:40 PM           6340 SUBSCRIPTIONS_GUIDE.md
-a----         1/19/2026   6:40 PM           4451 SUPABASE_SETUP_GUIDE.md
-a----         1/19/2026   6:40 PM           3834 SUPERADMIN_SETUP_COMPLETE.md
-a----         1/19/2026   6:40 PM           1689 SUPPRESS_SUPABASE_WARNINGS.md
-a----         1/19/2026   6:40 PM           1531 SUPPRESS_WARNINGS.md
-a----         1/19/2026   6:40 PM           1821 SYNC_ROLE_TO_JWT.md
-a----         1/19/2026   6:40 PM           1111 tailwind.config.ts
-a----         1/19/2026  10:00 PM            710 tsconfig.json
-a----         1/19/2026   6:40 PM           2981 UI_PAGES_COMPLETE.md
-a----         1/19/2026   6:40 PM           1187 URGENT_FIX_RECURSION.md
-a----         1/19/2026   6:40 PM           1144 URGENT_FIX_SIGNUP.md
-a----         1/19/2026   6:40 PM           1646 URGENT_SIGNUP_FIX.md
-a----         1/19/2026   6:40 PM           5507 V2_FEATURES.md
-a----         1/19/2026   6:40 PM           1022 VERIFY_FIX.sql
-a----         1/19/2026   6:40 PM           1169 VERIFY_SUPABASE.md
-a----         1/19/2026   6:40 PM           2737 WAREHOUSE_ONBOARDING_COMPLETE.md
-a----         1/19/2026   6:40 PM           5249 WAREHOUSING_INDUSTRY_IMPLEMENTATION.md
-a----         1/19/2026   6:40 PM           1263 WEB_ERROR_FIX.md
-a----         1/19/2026   6:40 PM           4487 WORKVOUCH_BUILD_COMPLETE.md
-a----         1/19/2026   6:40 PM           2953 WORKVOUCH_COMPLETE_STATUS.md
-a----         1/19/2026   6:40 PM           2402 WORKVOUCH_CONVERSION_STATUS.md
-a----         1/19/2026   6:40 PM           5288 WORKVOUCH_FINAL_SUMMARY.md
-a----         1/19/2026   6:40 PM           1979 WORKVOUCH_LOGO_SETUP.md
-a----         1/19/2026   6:40 PM           2830 WORKVOUCH_REBRAND_COMPLETE.md
-a----         1/19/2026   6:40 PM           6724 WORKVOUCH_REBUILD_SETUP.md
-a----         1/19/2026   6:40 PM           3436 WORKVOUCH_REBUILD_STATUS.md


PS C:\Users\ajaye\.cursor> ls app


    Directory: C:\Users\ajaye\.cursor\app


Mode                 LastWriteTime         Length Name
----                 -------------         ------ ----
d-----         1/19/2026   6:40 PM                about
d-----         1/19/2026   6:40 PM                admin
d-----         1/19/2026   6:40 PM                api
d-----         1/19/2026   6:40 PM                auth
d-----         1/19/2026   6:40 PM                contact
d-----         1/19/2026   6:40 PM                coworker-matches
d-----         1/19/2026   6:40 PM                dashboard
d-----         1/19/2026   6:40 PM                employer
d-----         1/19/2026   6:40 PM                faq
d-----         1/19/2026   6:40 PM                features
d-----         1/19/2026   6:40 PM                fix-profile
d-----         1/19/2026   6:40 PM                help
d-----         1/19/2026   6:40 PM                jobs
d-----         1/19/2026   6:40 PM                messages
d-----         1/19/2026   6:40 PM                my-jobs
d-----         1/19/2026   6:40 PM                notifications
d-----         1/19/2026   6:41 PM                onboarding
d-----         1/19/2026   6:40 PM                pricing
d-----         1/19/2026   6:40 PM                privacy
d-----         1/19/2026   6:40 PM                profile
d-----         1/19/2026   6:40 PM                references
d-----         1/19/2026   6:40 PM                security
d-----         1/19/2026   6:40 PM                settings
d-----         1/19/2026   6:40 PM                superadmin
d-----         1/19/2026   6:40 PM                terms
d-----         1/19/2026   6:40 PM                test
d-----         1/19/2026   6:40 PM                upload-resume
-a----         1/19/2026   6:40 PM            969 error.tsx
-a----         1/19/2026   6:40 PM            936 global-error.tsx
-a----         1/19/2026   6:40 PM           2117 globals.css
-a----         1/19/2026   6:40 PM            668 layout.tsx
-a----         1/19/2026   6:40 PM            791 not-found.tsx
-a----         1/19/2026   6:40 PM          13568 page.tsx


PS C:\Users\ajaye\.cursor> cursor open app/page.tsx
PS C:\Users\ajaye\.cursor> cursor open app/page.tsx
PS C:\Users\ajaye\.cursor> git add .
warning: in the working copy of 'projects/c-Users-ajaye-cursor/terminals/1.txt', LF will be replaced by CRLF the next time Git touches it
warning: in the working copy of 'tsconfig.json', LF will be replaced by CRLF the next time Git touches it
PS C:\Users\ajaye\.cursor> git commit -m "fix: supabase route types + next16 compatibility"
[main 815ed0b] fix: supabase route types + next16 compatibility
 71 files changed, 855 insertions(+), 353 deletions(-)
 create mode 100644 components/navbar-client.tsx
 create mode 100644 components/navbar-server.tsx
 create mode 100644 lib/supabase-fixed.ts
 create mode 100644 proxy.ts
PS C:\Users\ajaye\.cursor> git push
Enumerating objects: 287, done.
Counting objects: 100% (287/287), done.
Delta compression using up to 16 threads
Compressing objects: 100% (101/101), done.
Writing objects: 100% (152/152), 146.09 KiB | 2.52 MiB/s, done.
Total 152 (delta 72), reused 0 (delta 0), pack-reused 0 (from 0)
remote: Resolving deltas: 100% (72/72), completed with 62 local objects.
remote: This repository moved. Please use the new location:
remote:   https://github.com/Blackthor84/WorkVouch.git
To https://github.com/Blackthor84/workvouch.git
   0f8a595..815ed0b  main -> main
PS C:\Users\ajaye\.cursor>