---
pid: 17712
cwd: |
  C:\Users\ajaye\.cursor
active_command: git add .
last_command: |
  # 5 Commit all changes
last_exit_code: 1
---
PS C:\Users\ajaye\.cursor> git push -u origin main
info: please complete authentication in your browser...
remote: Repository not found.
fatal: repository 'https://github.com/Blackthor84/workvouch.git/' not found
PS C:\Users\ajaye\.cursor> npm dev run
Unknown command: "dev"


Did you mean this?
  npm run dev # run the "dev" package script
To see a list of supported npm commands, run:
  npm help
PS C:\Users\ajaye\.cursor> git init
Reinitialized existing Git repository in C:/Users/ajaye/.cursor/.git/
PS C:\Users\ajaye\.cursor> git add .
warning: in the working copy of 'components/sign-up-form.tsx', LF will be replaced by CRLF the next time Git touches it
warning: in the working copy of 'projects/c-Users-ajaye-cursor/terminals/1.txt', LF will be replaced by CRLF the next time Git touches it
warning: in the working copy of 'projects/c-Users-ajaye-cursor/terminals/3.txt', LF will be replaced by CRLF the next time Git touches it
PS C:\Users\ajaye\.cursor> git commit -m "Add expanded roles and onboarding updates"
[main 75d3d29] Add expanded roles and onboarding updates
 24 files changed, 3562 insertions(+), 51 deletions(-)
 create mode 100644 HEALTHCARE_ONBOARDING_COMPLETE.md
 create mode 100644 HOW_TO_RUN_SQL.md
 create mode 100644 MULTI_INDUSTRY_ONBOARDING_COMPLETE.md
 create mode 100644 app/employer/search/healthcare/page.tsx
 create mode 100644 app/onboarding/[industry]/coworkers/page.tsx
 create mode 100644 app/onboarding/[industry]/job/page.tsx
 create mode 100644 app/onboarding/[industry]/role/page.tsx
 create mode 100644 app/onboarding/[industry]/setting/page.tsx
 create mode 100644 app/onboarding/employer/healthcare/job-post/page.tsx
 create mode 100644 app/onboarding/employer/healthcare/page.tsx
 create mode 100644 app/onboarding/healthcare/coworkers/page.tsx
 create mode 100644 app/onboarding/healthcare/job/page.tsx
 create mode 100644 app/onboarding/healthcare/role/page.tsx
 create mode 100644 app/onboarding/healthcare/setting/page.tsx
 create mode 100644 lib/constants/industries.ts
 create mode 100644 projects/c-Users-ajaye-cursor/terminals/3.txt
 create mode 100644 supabase/schema_healthcare_onboarding.sql
 create mode 100644 supabase/schema_multi_industry_onboarding.sql
PS C:\Users\ajaye\.cursor> git remote add origin https://github.com/Blackthor84/workvouch.git
error: remote origin already exists.
PS C:\Users\ajaye\.cursor> git branch -M main
PS C:\Users\ajaye\.cursor> git push -u origin main
info: please complete authentication in your browser...
To https://github.com/Blackthor84/workvouch.git
 ! [rejected]        main -> main (fetch first)
error: failed to push some refs to 'https://github.com/Blackthor84/workvouch.git'
hint: Updates were rejected because the remote contains work that you do not
hint: have locally. This is usually caused by another repository pushing to
hint: the same ref. If you want to integrate the remote changes, use
hint: 'git pull' before pushing again.
hint: See the 'Note about fast-forwards' in 'git push --help' for details.
PS C:\Users\ajaye\.cursor> git remote add origin https://github.com/Blackthor84/workvouch.git
error: remote origin already exists.
PS C:\Users\ajaye\.cursor> git branch -M main
PS C:\Users\ajaye\.cursor> git push -u origin main
To https://github.com/Blackthor84/workvouch.git
 ! [rejected]        main -> main (fetch first)
error: failed to push some refs to 'https://github.com/Blackthor84/workvouch.git'
hint: Updates were rejected because the remote contains work that you do not
hint: have locally. This is usually caused by another repository pushing to
hint: the same ref. If you want to integrate the remote changes, use
hint: 'git pull' before pushing again.
hint: See the 'Note about fast-forwards' in 'git push --help' for details.
PS C:\Users\ajaye\.cursor> git pull origin main --rebase
error: cannot pull with rebase: You have unstaged changes.
error: Please commit or stash them.
PS C:\Users\ajaye\.cursor> git add .
warning: in the working copy of 'projects/c-Users-ajaye-cursor/terminals/1.txt', LF will be replaced by CRLF the next time Git touches it
PS C:\Users\ajaye\.cursor> git commit -m "Add expanded roles and onboarding updates"
[main 6a6d789] Add expanded roles and onboarding updates
 2 files changed, 57 insertions(+), 3 deletions(-)
PS C:\Users\ajaye\.cursor> git pull origin main --rebase
error: cannot pull with rebase: You have unstaged changes.
error: Please commit or stash them.
PS C:\Users\ajaye\.cursor> git add -A
warning: in the working copy of 'projects/c-Users-ajaye-cursor/terminals/1.txt', LF will be replaced by CRLF the next time Git touches it
PS C:\Users\ajaye\.cursor> git commit -m "Stage all remaining changes before pull"
[main e27ff72] Stage all remaining changes before pull
 2 files changed, 10 insertions(+), 1 deletion(-)
PS C:\Users\ajaye\.cursor> git pull origin main --rebase
error: cannot pull with rebase: You have unstaged changes.
error: Please commit or stash them.
PS C:\Users\ajaye\.cursor> git config --global core.autocrlf true
PS C:\Users\ajaye\.cursor> git reset --hard
Unlink of file 'ai-tracking/ai-code-tracking.db' failed. Should I try again? (y/n) 
 *  History restored 

PS C:\Users\ajaye\.cursor> git reset --hard
fatal: Unable to create 'C:/Users/ajaye/.cursor/.git/index.lock': File exists.

Another git process seems to be running in this repository, e.g.
an editor opened by 'git commit'. Please make sure all processes
are terminated then try again. If it still fails, a git process
may have crashed in this repository earlier:
remove the file manually to continue.
PS C:\Users\ajaye\.cursor> del .git\index.lock
PS C:\Users\ajaye\.cursor> git reset --hard
Unlink of file 'ai-tracking/ai-code-tracking.db' failed. Should I try again? (y/n) 
 *  History restored 

PS C:\Users\ajaye\.cursor> git push --set-upstream origin main
branch 'main' set up to track 'origin/main'.
Everything up-to-date
PS C:\Users\ajaye\.cursor> git add .
warning: in the working copy of 'QUICK_START.md', LF will be replaced by CRLF the next time Git touches it
warning: in the working copy of 'components/sign-up-form.tsx', LF will be replaced by CRLF the next time Git touches it
warning: in the working copy of 'supabase/fix_signup_trigger_WITH_ROLES.sql', LF will be replaced by CRLF the next time Git touches it
warning: in the working copy of 'projects/c-Users-ajaye-cursor/terminals/1.txt', LF will be replaced by CRLF the next time Git touches it
PS C:\Users\ajaye\.cursor> git commit -m "Fix server/client issues, remove duplicate variables, rename app to WorkVouch"
[main 1047dd0] Fix server/client issues, remove duplicate variables, rename app to WorkVouch
 46 files changed, 2419 insertions(+), 2133 deletions(-)
 create mode 100644 ai-tracking/ai-code-tracking.db
 create mode 100644 app/api/user/filter-coworkers/route.ts
 create mode 100644 app/employer/search/healthcare/healthcare-search-client.tsx
 create mode 100644 app/onboarding/[industry]/coworkers/coworkers-form-client.tsx
 create mode 100644 app/onboarding/[industry]/job/job-form-client.tsx
 create mode 100644 app/onboarding/[industry]/role/role-form-client.tsx
 create mode 100644 app/onboarding/[industry]/setting/setting-form-client.tsx
 create mode 100644 app/onboarding/employer/healthcare/employer-onboarding-client.tsx
 create mode 100644 app/onboarding/employer/healthcare/job-post/job-post-client.tsx
 create mode 100644 app/onboarding/healthcare/coworkers/healthcare-coworkers-client.tsx
 create mode 100644 app/onboarding/healthcare/job/healthcare-job-client.tsx
 create mode 100644 app/onboarding/healthcare/role/healthcare-role-client.tsx
 create mode 100644 app/onboarding/healthcare/setting/healthcare-setting-client.tsx
 create mode 100644 app/onboarding/warehouse/warehouse-onboarding-client.tsx
 create mode 100644 app/onboarding/warehouse/warehouse-onboarding-wrapper.tsx
 create mode 100644 projects/c-Users-ajaye-cursor/terminals/1.txt
PS C:\Users\ajaye\.cursor> git push
Enumerating objects: 154, done.
Counting objects: 100% (154/154), done.
Delta compression using up to 16 threads
Compressing objects: 100% (77/77), done.
Writing objects: 100% (90/90), 116.19 KiB | 3.87 MiB/s, done.
Total 90 (delta 48), reused 0 (delta 0), pack-reused 0 (from 0)
remote: Resolving deltas: 100% (48/48), completed with 32 local objects.
remote: This repository moved. Please use the new location:
remote:   https://github.com/Blackthor84/WorkVouch.git
To https://github.com/Blackthor84/workvouch.git
   ee78ef2..1047dd0  main -> main
PS C:\Users\ajaye\.cursor> npm install next@latest eslint@latest rimraf@latest glob@latest
npm warn ERESOLVE overriding peer dependency
npm warn While resolving: workvouch@0.1.0
npm warn Found: eslint@8.57.1
npm warn node_modules/eslint
npm warn   peer eslint@"^6.0.0 || ^7.0.0 || >=8.0.0" from @eslint-community/eslint-utils@4.9.1
npm warn   node_modules/@eslint-community/eslint-utils
npm warn     @eslint-community/eslint-utils@"^4.2.0" from eslint@8.57.1
npm warn   8 more (@typescript-eslint/parser, eslint-config-next, ...)
npm warn
npm warn Could not resolve dependency:
npm warn peer eslint@"^7.23.0 || ^8.0.0" from eslint-config-next@14.0.4
npm warn node_modules/eslint-config-next
npm warn   dev eslint-config-next@"14.0.4" from the root project
npm warn ERESOLVE overriding peer dependency
npm warn ERESOLVE overriding peer dependency
npm warn deprecated glob@7.1.7: Glob versions prior to v9 are no longer supported

added 27 packages, removed 17 packages, changed 15 packages, and audited 582 packages in 36s

161 packages are looking for funding
  run `npm fund` for details

5 vulnerabilities (3 low, 2 high)

To address issues that do not require attention, run:
  npm audit fix

To address all issues possible (including breaking changes), run:
  npm audit fix --force

Some issues need review, and may require choosing
a different dependency.

Run `npm audit` for details.
PS C:\Users\ajaye\.cursor> git add .
warning: in the working copy of 'projects/c-Users-ajaye-cursor/terminals/1.txt', LF will be replaced by CRLF the next time Git touches it
PS C:\Users\ajaye\.cursor> git commit -m "Fix redeclarations and server/client issues"
[main 9febc9e] Fix redeclarations and server/client issues
 5 files changed, 1040 insertions(+), 361 deletions(-)
PS C:\Users\ajaye\.cursor> git push
Enumerating objects: 25, done.
Counting objects: 100% (25/25), done.
Delta compression using up to 16 threads
Compressing objects: 100% (9/9), done.
Writing objects: 100% (13/13), 11.30 KiB | 723.00 KiB/s, done.
Total 13 (delta 8), reused 0 (delta 0), pack-reused 0 (from 0)
remote: Resolving deltas: 100% (8/8), completed with 8 local objects.
remote: This repository moved. Please use the new location:
remote:   https://github.com/Blackthor84/WorkVouch.git
To https://github.com/Blackthor84/workvouch.git
   1047dd0..9febc9e  main -> main
PS C:\Users\ajaye\.cursor> npm install --legacy-peer-deps

up to date, audited 582 packages in 2s

161 packages are looking for funding
  run `npm fund` for details

5 vulnerabilities (3 low, 2 high)

To address issues that do not require attention, run:
  npm audit fix

To address all issues possible (including breaking changes), run:
  npm audit fix --force

Some issues need review, and may require choosing
a different dependency.

Run `npm audit` for details.
PS C:\Users\ajaye\.cursor> git add package-lock.json
PS C:\Users\ajaye\.cursor> git commit -m "Fix ESLint peer dependency for Vercel"
[main 62230cb] Fix ESLint peer dependency for Vercel
 1 file changed, 14 deletions(-)
PS C:\Users\ajaye\.cursor> git push
Enumerating objects: 5, done.
Counting objects: 100% (5/5), done.
Delta compression using up to 16 threads
Compressing objects: 100% (3/3), done.
Writing objects: 100% (3/3), 499 bytes | 499.00 KiB/s, done.
Total 3 (delta 2), reused 0 (delta 0), pack-reused 0 (from 0)
remote: Resolving deltas: 100% (2/2), completed with 2 local objects.
remote: This repository moved. Please use the new location:
remote:   https://github.com/Blackthor84/WorkVouch.git
To https://github.com/Blackthor84/workvouch.git
   9febc9e..62230cb  main -> main
PS C:\Users\ajaye\.cursor> npm install --legacy-peer-deps

up to date, audited 582 packages in 2s

161 packages are looking for funding
  run `npm fund` for details

5 vulnerabilities (3 low, 2 high)

To address issues that do not require attention, run:
  npm audit fix

To address all issues possible (including breaking changes), run:
  npm audit fix --force

Some issues need review, and may require choosing
a different dependency.

Run `npm audit` for details.
PS C:\Users\ajaye\.cursor> git add package-lock.json
PS C:\Users\ajaye\.cursor> git commit -m "Fix ESLint dependency for Vercel"
On branch main
Your branch is up to date with 'origin/main'.

Changes not staged for commit:
  (use "git add <file>..." to update what will be committed)
  (use "git restore <file>..." to discard changes in working directory)
        modified:   ai-tracking/ai-code-tracking.db
        modified:   projects/c-Users-ajaye-cursor/terminals/1.txt

no changes added to commit (use "git add" and/or "git commit -a")
PS C:\Users\ajaye\.cursor> git push
Everything up-to-date
PS C:\Users\ajaye\.cursor> # 1 Rename all peercv references to workvouch
PS C:\Users\ajaye\.cursor> # (This updates file names and all code occurrences)
PS C:\Users\ajaye\.cursor> git ls-files | xargs sed -i "s/peercv/workvouch/g"
xargs : The term 'xargs' is not recognized as the name of a cmdlet, function, script file, or operable program. Check the spelling of the 
name, or if a path was included, verify that the path is correct and try again.
At line:1 char:16
+ git ls-files | xargs sed -i "s/peercv/workvouch/g"
+                ~~~~~
    + CategoryInfo          : ObjectNotFound: (xargs:String) [], CommandNotFoundException
    + FullyQualifiedErrorId : CommandNotFoundException

PS C:\Users\ajaye\.cursor> git ls-files | grep "peercv" | while read file; do mv "$file" "${file//peercv/workvouch}"; done
At line:1 char:51
+ git ls-files | grep "peercv" | while read file; do mv "$file" "${file ...
+                                                   ~
Missing statement body in do loop.
    + CategoryInfo          : ParserError: (:) [], ParentContainsErrorRecordException
    + FullyQualifiedErrorId : MissingLoopStatement

PS C:\Users\ajaye\.cursor> 
PS C:\Users\ajaye\.cursor> # 2 Fix ESLint dependency conflicts
PS C:\Users\ajaye\.cursor> npm install eslint@8.57.1 --save-dev
npm warn deprecated @humanwhocodes/config-array@0.13.0: Use @eslint/config-array instead
npm warn deprecated rimraf@3.0.2: Rimraf versions prior to v4 are no longer supported
npm warn deprecated @humanwhocodes/object-schema@2.0.3: Use @eslint/object-schema instead
npm warn deprecated glob@7.2.3: Glob versions prior to v9 are no longer supported
npm warn deprecated eslint@8.57.1: This version is no longer supported. Please see https://eslint.org/version-support for other options.    

added 12 packages, removed 12 packages, changed 8 packages, and audited 582 packages in 4s

161 packages are looking for funding
  run `npm fund` for details

5 vulnerabilities (3 low, 2 high)

To address issues that do not require attention, run:
  npm audit fix

To address all issues possible (including breaking changes), run:
  npm audit fix --force

Some issues need review, and may require choosing
a different dependency.

Run `npm audit` for details.
PS C:\Users\ajaye\.cursor> npm install --legacy-peer-deps

up to date, audited 582 packages in 2s

161 packages are looking for funding
  run `npm fund` for details

5 vulnerabilities (3 low, 2 high)

To address issues that do not require attention, run:
  npm audit fix

To address all issues possible (including breaking changes), run:
  npm audit fix --force

Some issues need review, and may require choosing
a different dependency.

Run `npm audit` for details.
PS C:\Users\ajaye\.cursor> 
PS C:\Users\ajaye\.cursor> # 3 Clean old lock files and node_modules (optional but safer)
PS C:\Users\ajaye\.cursor> rm -rf node_modules package-lock.json
Remove-Item : A parameter cannot be found that matches parameter name 'rf'.
At line:1 char:4
+ rm -rf node_modules package-lock.json
+    ~~~
    + CategoryInfo          : InvalidArgument: (:) [Remove-Item], ParameterBindingException
    + FullyQualifiedErrorId : NamedParameterNotFound,Microsoft.PowerShell.Commands.RemoveItemCommand

PS C:\Users\ajaye\.cursor> npm install --legacy-peer-deps

up to date, audited 582 packages in 2s

161 packages are looking for funding
  run `npm fund` for details

5 vulnerabilities (3 low, 2 high)

To address issues that do not require attention, run:
  npm audit fix

To address all issues possible (including breaking changes), run:
  npm audit fix --force

Some issues need review, and may require choosing
a different dependency.

Run `npm audit` for details.
PS C:\Users\ajaye\.cursor> 
PS C:\Users\ajaye\.cursor> # 4 Build locally to make sure it works
PS C:\Users\ajaye\.cursor> npm run build

> workvouch@0.1.0 build
> next build

⚠ `eslint` configuration in next.config.js is no longer supported. See more info here: https://nextjs.org/docs/app/api-reference/cli/next#next-lint-options
⚠ `images.domains` is deprecated in favor of `images.remotePatterns`. Please update next.config.js to protect your application from malicious users.
⚠ Invalid next.config.js options detected:
⚠     Unrecognized key(s) in object: 'eslint'
⚠ See more info here: https://nextjs.org/docs/messages/invalid-next-config
▲ Next.js 16.1.4 (Turbopack)
- Environments: .env.local

⚠ The "middleware" file convention is deprecated. Please use "proxy" instead. Learn more: https://nextjs.org/docs/messages/middleware-to-proxy
  Creating an optimized production build ...
⨯ ERROR: This build is using Turbopack, with a `webpack` config and no `turbopack` config.
   This may be a mistake.

   As of Next.js 16 Turbopack is enabled by default and
   custom webpack configurations may need to be migrated to Turbopack.

   NOTE: your `webpack` config may have been added by a configuration plugin.

   To configure Turbopack, see https://nextjs.org/docs/app/api-reference/next-config-js/turbopack

   TIP: Many applications work fine under Turbopack with no configuration,
   if that is the case for you, you can silence this error by passing the
   `--turbopack` or `--webpack` flag explicitly or simply setting an
   empty turbopack config in your Next config file (e.g. `turbopack: {}`).

> Build error occurred
Error: Call retries were exceeded
    at ignore-listed frames {
  type: 'WorkerError'
}
PS C:\Users\ajaye\.c