---
pid: 17712
cwd: |
  C:\Users\ajaye\.cursor
last_command: push
last_exit_code: 1
---
-a----          1/9/2026   3:00 PM            211 external.d.cts
-a----          1/9/2026   3:00 PM            205 external.d.ts
-a----          1/9/2026   3:00 PM            205 external.js
-a----          1/9/2026   3:00 PM           1464 index.cjs
-a----          1/9/2026   3:00 PM            101 index.d.cts
-a----          1/9/2026   3:00 PM             99 index.d.ts
-a----          1/9/2026   3:00 PM             99 index.js
-a----          1/9/2026   3:00 PM             77 standard-schema.cjs
-a----          1/9/2026   3:00 PM           2843 standard-schema.d.cts
-a----          1/9/2026   3:00 PM           2843 standard-schema.d.ts
-a----          1/9/2026   3:00 PM             11 standard-schema.js
-a----          1/9/2026   3:00 PM         140100 types.cjs
-a----          1/9/2026   3:00 PM          51985 types.d.cts
-a----          1/9/2026   3:00 PM          51977 types.d.ts
-a----          1/9/2026   3:00 PM         131212 types.js
-a----          1/9/2026   3:00 PM           4576 ZodError.cjs
-a----          1/9/2026   3:00 PM           6415 ZodError.d.cts
-a----          1/9/2026   3:00 PM           6412 ZodError.d.ts
-a----          1/9/2026   3:00 PM           4349 ZodError.js


    Directory: C:\Users\ajaye\.cursor\node_modules\zod\v3\helpers


Mode                 LastWriteTime         Length Name
----                 -------------         ------ ----
-a----          1/9/2026   3:00 PM             77 enumUtil.cjs
-a----          1/9/2026   3:00 PM            609 enumUtil.d.cts
-a----          1/9/2026   3:00 PM            609 enumUtil.d.ts
-a----          1/9/2026   3:00 PM             11 enumUtil.js
-a----          1/9/2026   3:00 PM            418 errorUtil.cjs
-a----          1/9/2026   3:00 PM            276 errorUtil.d.cts
-a----          1/9/2026   3:00 PM            276 errorUtil.d.ts
-a----          1/9/2026   3:00 PM            300 errorUtil.js
-a----          1/9/2026   3:00 PM           4272 parseUtil.cjs
-a----          1/9/2026   3:00 PM           2757 parseUtil.d.cts
-a----          1/9/2026   3:00 PM           2755 parseUtil.d.ts
-a----          1/9/2026   3:00 PM           3601 parseUtil.js
-a----          1/9/2026   3:00 PM             77 partialUtil.cjs
-a----          1/9/2026   3:00 PM            828 partialUtil.d.cts
-a----          1/9/2026   3:00 PM            827 partialUtil.d.ts
-a----          1/9/2026   3:00 PM             11 partialUtil.js
-a----          1/9/2026   3:00 PM             77 typeAliases.cjs
-a----          1/9/2026   3:00 PM            135 typeAliases.d.cts
-a----          1/9/2026   3:00 PM            135 typeAliases.d.ts
-a----          1/9/2026   3:00 PM             11 typeAliases.js
-a----          1/9/2026   3:00 PM           4401 util.cjs
-a----          1/9/2026   3:00 PM           3387 util.d.cts
-a----          1/9/2026   3:00 PM           3387 util.d.ts
-a----          1/9/2026   3:00 PM           4055 util.js


    Directory: C:\Users\ajaye\.cursor\node_modules\zod\v3\locales


Mode                 LastWriteTime         Length Name
----                 -------------         ------ ----
-a----          1/9/2026   3:00 PM           5971 en.cjs
-a----          1/9/2026   3:00 PM            114 en.d.cts
-a----          1/9/2026   3:00 PM            113 en.d.ts
-a----          1/9/2026   3:00 PM           5602 en.js


    Directory: C:\Users\ajaye\.cursor\node_modules\zod\v4


Mode                 LastWriteTime         Length Name
----                 -------------         ------ ----
d-----          1/9/2026   3:00 PM                classic
d-----          1/9/2026   3:00 PM                core
d-----          1/9/2026   3:00 PM                locales
d-----          1/9/2026   3:00 PM                mini
-a----          1/9/2026   3:00 PM           1057 index.cjs
-a----          1/9/2026   3:00 PM             94 index.d.cts
-a----          1/9/2026   3:00 PM             92 index.d.ts
-a----          1/9/2026   3:00 PM             92 index.js


    Directory: C:\Users\ajaye\.cursor\node_modules\zod\v4\classic


Mode                 LastWriteTime         Length Name
----                 -------------         ------ ----
-a----          1/9/2026   3:00 PM           3883 checks.cjs
-a----          1/9/2026   3:00 PM            643 checks.d.cts
-a----          1/9/2026   3:00 PM            642 checks.d.ts
-a----          1/9/2026   3:00 PM            642 checks.js
-a----          1/9/2026   3:00 PM           1772 coerce.cjs
-a----          1/9/2026   3:00 PM           1149 coerce.d.cts
-a----          1/9/2026   3:00 PM           1147 coerce.d.ts
-a----          1/9/2026   3:00 PM            550 coerce.js
-a----          1/9/2026   3:00 PM           2316 compat.cjs
-a----          1/9/2026   3:00 PM           2017 compat.d.cts
-a----          1/9/2026   3:00 PM           2013 compat.d.ts
-a----          1/9/2026   3:00 PM            861 compat.js
-a----          1/9/2026   3:00 PM           2465 errors.cjs
-a----          1/9/2026   3:00 PM           1623 errors.d.cts
-a----          1/9/2026   3:00 PM           1620 errors.d.ts
-a----          1/9/2026   3:00 PM           1292 errors.js
-a----          1/9/2026   3:00 PM           5131 external.cjs
-a----          1/9/2026   3:00 PM            820 external.d.cts
-a----          1/9/2026   3:00 PM            807 external.d.ts
-a----          1/9/2026   3:00 PM            803 external.js
-a----          1/9/2026   3:00 PM           1464 index.cjs
-a----          1/9/2026   3:00 PM            101 index.d.cts
-a----          1/9/2026   3:00 PM             99 index.d.ts
-a----          1/9/2026   3:00 PM             99 index.js
-a----          1/9/2026   3:00 PM           2413 iso.cjs
-a----          1/9/2026   3:00 PM           1137 iso.d.cts
-a----          1/9/2026   3:00 PM           1135 iso.d.ts
-a----          1/9/2026   3:00 PM           1151 iso.js
-a----          1/9/2026   3:00 PM           1552 parse.cjs
-a----          1/9/2026   3:00 PM           1167 parse.d.cts
-a----          1/9/2026   3:00 PM           1165 parse.d.ts
-a----          1/9/2026   3:00 PM            378 parse.js
-a----          1/9/2026   3:00 PM          41292 schemas.cjs
-a----          1/9/2026   3:00 PM          38862 schemas.d.cts
-a----          1/9/2026   3:00 PM          38859 schemas.d.ts
-a----          1/9/2026   3:00 PM          36871 schemas.js


    Directory: C:\Users\ajaye\.cursor\node_modules\zod\v4\core


Mode                 LastWriteTime         Length Name
----                 -------------         ------ ----
-a----          1/9/2026   3:00 PM          26465 api.cjs
-a----          1/9/2026   3:00 PM          29445 api.d.cts
-a----          1/9/2026   3:00 PM          29440 api.d.ts
-a----          1/9/2026   3:00 PM          22983 api.js
-a----          1/9/2026   3:00 PM          21098 checks.cjs
-a----          1/9/2026   3:00 PM          12782 checks.d.cts
-a----          1/9/2026   3:00 PM          12778 checks.d.ts
-a----          1/9/2026   3:00 PM          19544 checks.js
-a----          1/9/2026   3:00 PM           2309 core.cjs
-a----          1/9/2026   3:00 PM           1811 core.d.cts
-a----          1/9/2026   3:00 PM           1808 core.d.ts
-a----          1/9/2026   3:00 PM           2085 core.js
-a----          1/9/2026   3:00 PM           1199 doc.cjs
-a----          1/9/2026   3:00 PM            353 doc.d.cts
-a----          1/9/2026   3:00 PM            353 doc.d.ts
-a----          1/9/2026   3:00 PM           1088 doc.js
-a----          1/9/2026   3:00 PM           7650 errors.cjs
-a----          1/9/2026   3:00 PM           7893 errors.d.cts
-a----          1/9/2026   3:00 PM           7889 errors.d.ts
-a----          1/9/2026   3:00 PM           6316 errors.js
-a----          1/9/2026   3:00 PM           4012 function.cjs
-a----          1/9/2026   3:00 PM           3597 function.d.cts
-a----          1/9/2026   3:00 PM           3593 function.d.ts
-a----          1/9/2026   3:00 PM           2717 function.js
-a----          1/9/2026   3:00 PM           2163 index.cjs
-a----          1/9/2026   3:00 PM            514 index.d.cts
-a----          1/9/2026   3:00 PM            499 index.d.ts
-a----          1/9/2026   3:00 PM            499 index.js
-a----          1/9/2026   3:00 PM             77 json-schema.cjs
-a----          1/9/2026   3:00 PM           2676 json-schema.d.cts
-a----          1/9/2026   3:00 PM           2676 json-schema.d.ts
-a----          1/9/2026   3:00 PM             11 json-schema.js
-a----          1/9/2026   3:00 PM           3957 parse.cjs
-a----          1/9/2026   3:00 PM           1505 parse.d.cts
-a----          1/9/2026   3:00 PM           1501 parse.d.ts
-a----          1/9/2026   3:00 PM           2552 parse.js
-a----          1/9/2026   3:00 PM           7062 regexes.cjs
-a----          1/9/2026   3:00 PM           2762 regexes.d.cts
-a----          1/9/2026   3:00 PM           2762 regexes.d.ts
-a----          1/9/2026   3:00 PM           6411 regexes.js
-a----          1/9/2026   3:00 PM           1676 registries.cjs
-a----          1/9/2026   3:00 PM           1646 registries.d.cts
-a----          1/9/2026   3:00 PM           1644 registries.d.ts
-a----          1/9/2026   3:00 PM           1485 registries.js
-a----          1/9/2026   3:00 PM          64843 schemas.cjs
-a----          1/9/2026   3:00 PM          44698 schemas.d.cts
-a----          1/9/2026   3:00 PM          44691 schemas.d.ts
-a----          1/9/2026   3:00 PM          62652 schemas.js
-a----          1/9/2026   3:00 PM             77 standard-schema.cjs
-a----          1/9/2026   3:00 PM           2403 standard-schema.d.cts
-a----          1/9/2026   3:00 PM           2403 standard-schema.d.ts
-a----          1/9/2026   3:00 PM             11 standard-schema.js
-a----          1/9/2026   3:00 PM          35910 to-json-schema.cjs
-a----          1/9/2026   3:00 PM           3729 to-json-schema.d.cts
-a----          1/9/2026   3:00 PM           3726 to-json-schema.d.ts
-a----          1/9/2026   3:00 PM          35687 to-json-schema.js
-a----          1/9/2026   3:00 PM          16438 util.cjs
-a----          1/9/2026   3:00 PM          10750 util.d.cts
-a----          1/9/2026   3:00 PM          10746 util.d.ts
-a----          1/9/2026   3:00 PM          15004 util.js
-a----          1/9/2026   3:00 PM            168 versions.cjs
-a----          1/9/2026   3:00 PM            109 versions.d.cts
-a----          1/9/2026   3:00 PM            109 versions.d.ts
-a----          1/9/2026   3:00 PM             70 versions.js


    Directory: C:\Users\ajaye\.cursor\node_modules\zod\v4\locales


Mode                 LastWriteTime         Length Name
----                 -------------         ------ ----
-a----          1/9/2026   3:00 PM           6420 ar.cjs
-a----          1/9/2026   3:00 PM            122 ar.d.cts
-a----          1/9/2026   3:00 PM            121 ar.d.ts
-a----          1/9/2026   3:00 PM           5278 ar.js
-a----          1/9/2026   3:00 PM           5782 az.cjs
-a----          1/9/2026   3:00 PM            122 az.d.cts
-a----          1/9/2026   3:00 PM            121 az.d.ts
-a----          1/9/2026   3:00 PM           4640 az.js
-a----          1/9/2026   3:00 PM           7818 be.cjs
-a----          1/9/2026   3:00 PM            122 be.d.cts
-a----          1/9/2026   3:00 PM            121 be.d.ts
-a----          1/9/2026   3:00 PM           6676 be.js
-a----          1/9/2026   3:00 PM           6103 ca.cjs
-a----          1/9/2026   3:00 PM            122 ca.d.cts
-a----          1/9/2026   3:00 PM            121 ca.d.ts
-a----          1/9/2026   3:00 PM           4961 ca.js
-a----          1/9/2026   3:00 PM           6408 cs.cjs
-a----          1/9/2026   3:00 PM            122 cs.d.cts
-a----          1/9/2026   3:00 PM            121 cs.d.ts
-a----          1/9/2026   3:00 PM           5266 cs.js
-a----          1/9/2026   3:00 PM           5814 de.cjs
-a----          1/9/2026   3:00 PM            122 de.d.cts
-a----          1/9/2026   3:00 PM            121 de.d.ts
-a----          1/9/2026   3:00 PM           4672 de.js
-a----          1/9/2026   3:00 PM           5683 en.cjs
-a----          1/9/2026   3:00 PM            178 en.d.cts
-a----          1/9/2026   3:00 PM            177 en.d.ts
-a----          1/9/2026   3:00 PM           4473 en.js
-a----          1/9/2026   3:00 PM           5802 eo.cjs
-a----          1/9/2026   3:00 PM            178 eo.d.cts
-a----          1/9/2026   3:00 PM            177 eo.d.ts
-a----          1/9/2026   3:00 PM           4592 eo.js
-a----          1/9/2026   3:00 PM           5977 es.cjs
-a----          1/9/2026   3:00 PM            122 es.d.cts
-a----          1/9/2026   3:00 PM            121 es.d.ts
-a----          1/9/2026   3:00 PM           4835 es.js
-a----          1/9/2026   3:00 PM           6317 fa.cjs
-a----          1/9/2026   3:00 PM            122 fa.d.cts
-a----          1/9/2026   3:00 PM            121 fa.d.ts
-a----          1/9/2026   3:00 PM           5175 fa.js
-a----          1/9/2026   3:00 PM           6096 fi.cjs
-a----          1/9/2026   3:00 PM            122 fi.d.cts
-a----          1/9/2026   3:00 PM            121 fi.d.ts
-a----          1/9/2026   3:00 PM           4954 fi.js
-a----          1/9/2026   3:00 PM           5835 fr-CA.cjs
-a----          1/9/2026   3:00 PM            122 fr-CA.d.cts
-a----          1/9/2026   3:00 PM            121 fr-CA.d.ts
-a----          1/9/2026   3:00 PM           4693 fr-CA.js
-a----          1/9/2026   3:00 PM           5816 fr.cjs
-a----          1/9/2026   3:00 PM            122 fr.d.cts
-a----          1/9/2026   3:00 PM            121 fr.d.ts
-a----          1/9/2026   3:00 PM           4674 fr.js
-a----          1/9/2026   3:00 PM           6221 he.cjs
-a----          1/9/2026   3:00 PM            122 he.d.cts
-a----          1/9/2026   3:00 PM            121 he.d.ts
-a----          1/9/2026   3:00 PM           5079 he.js
-a----          1/9/2026   3:00 PM           6016 hu.cjs
-a----          1/9/2026   3:00 PM            122 hu.d.cts
-a----          1/9/2026   3:00 PM            121 hu.d.ts
-a----          1/9/2026   3:00 PM           4874 hu.js
-a----          1/9/2026   3:00 PM           5852 id.cjs
-a----          1/9/2026   3:00 PM            122 id.d.cts
-a----          1/9/2026   3:00 PM            121 id.d.ts
-a----          1/9/2026   3:00 PM           4710 id.js
-a----          1/9/2026   3:00 PM           6937 index.cjs
-a----          1/9/2026   3:00 PM           1655 index.d.cts
-a----          1/9/2026   3:00 PM           1616 index.d.ts
-a----          1/9/2026   3:00 PM           1616 index.js
-a----          1/9/2026   3:00 PM           5915 it.cjs
-a----          1/9/2026   3:00 PM            122 it.d.cts
-a----          1/9/2026   3:00 PM            121 it.d.ts
-a----          1/9/2026   3:00 PM           4773 it.js
-a----          1/9/2026   3:00 PM           6046 ja.cjs
-a----          1/9/2026   3:00 PM            122 ja.d.cts
-a----          1/9/2026   3:00 PM            121 ja.d.ts
-a----          1/9/2026   3:00 PM           4904 ja.js
-a----          1/9/2026   3:00 PM           7368 kh.cjs
-a----          1/9/2026   3:00 PM            122 kh.d.cts
-a----          1/9/2026   3:00 PM            121 kh.d.ts
-a----          1/9/2026   3:00 PM           6226 kh.js
-a----          1/9/2026   3:00 PM           6182 ko.cjs
-a----          1/9/2026   3:00 PM            122 ko.d.cts
-a----          1/9/2026   3:00 PM            121 ko.d.ts
-a----          1/9/2026   3:00 PM           5040 ko.js
-a----          1/9/2026   3:00 PM           6475 mk.cjs
-a----          1/9/2026   3:00 PM            122 mk.d.cts
-a----          1/9/2026   3:00 PM            121 mk.d.ts
-a----          1/9/2026   3:00 PM           5333 mk.js
-a----          1/9/2026   3:00 PM           5744 ms.cjs
-a----          1/9/2026   3:00 PM            122 ms.d.cts
-a----          1/9/2026   3:00 PM            121 ms.d.ts
-a----          1/9/2026   3:00 PM           4602 ms.js
-a----          1/9/2026   3:00 PM           5677 nl.cjs
-a----          1/9/2026   3:00 PM            122 nl.d.cts
-a----          1/9/2026   3:00 PM            121 nl.d.ts
-a----          1/9/2026   3:00 PM           4535 nl.js
-a----          1/9/2026   3:00 PM           5740 no.cjs
-a----          1/9/2026   3:00 PM            122 no.d.cts
-a----          1/9/2026   3:00 PM            121 no.d.ts
-a----          1/9/2026   3:00 PM           4598 no.js
-a----          1/9/2026   3:00 PM           5846 ota.cjs
-a----          1/9/2026   3:00 PM            122 ota.d.cts
-a----          1/9/2026   3:00 PM            121 ota.d.ts
-a----          1/9/2026   3:00 PM           4704 ota.js
-a----          1/9/2026   3:00 PM           6177 pl.cjs
-a----          1/9/2026   3:00 PM            122 pl.d.cts
-a----          1/9/2026   3:00 PM            121 pl.d.ts
-a----          1/9/2026   3:00 PM           5035 pl.js
-a----          1/9/2026   3:00 PM           6111 ps.cjs
-a----          1/9/2026   3:00 PM            122 ps.d.cts
-a----          1/9/2026   3:00 PM            121 ps.d.ts
-a----          1/9/2026   3:00 PM           4969 ps.js
-a----          1/9/2026   3:00 PM           5800 pt.cjs
-a----          1/9/2026   3:00 PM            122 pt.d.cts
-a----          1/9/2026   3:00 PM            121 pt.d.ts
-a----          1/9/2026   3:00 PM           4658 pt.js
-a----          1/9/2026   3:00 PM           7915 ru.cjs
-a----          1/9/2026   3:00 PM            122 ru.d.cts
-a----          1/9/2026   3:00 PM            121 ru.d.ts
-a----          1/9/2026   3:00 PM           6773 ru.js
-a----          1/9/2026   3:00 PM           5793 sl.cjs
-a----          1/9/2026   3:00 PM            122 sl.d.cts
-a----          1/9/2026   3:00 PM            121 sl.d.ts
-a----          1/9/2026   3:00 PM           4651 sl.js
-a----          1/9/2026   3:00 PM           5891 sv.cjs
-a----          1/9/2026   3:00 PM            122 sv.d.cts
-a----          1/9/2026   3:00 PM            121 sv.d.ts
-a----          1/9/2026   3:00 PM           4749 sv.js
-a----          1/9/2026   3:00 PM           7508 ta.cjs
-a----          1/9/2026   3:00 PM            122 ta.d.cts
-a----          1/9/2026   3:00 PM            121 ta.d.ts
-a----          1/9/2026   3:00 PM           6366 ta.js
-a----          1/9/2026   3:00 PM           7454 th.cjs
-a----          1/9/2026   3:00 PM            122 th.d.cts
-a----          1/9/2026   3:00 PM            121 th.d.ts
-a----          1/9/2026   3:00 PM           6312 th.js
-a----          1/9/2026   3:00 PM           5728 tr.cjs
-a----          1/9/2026   3:00 PM            178 tr.d.cts
-a----          1/9/2026   3:00 PM            177 tr.d.ts
-a----          1/9/2026   3:00 PM           4518 tr.js
-a----          1/9/2026   3:00 PM           6773 ua.cjs
-a----          1/9/2026   3:00 PM            122 ua.d.cts
-a----          1/9/2026   3:00 PM            121 ua.d.ts
-a----          1/9/2026   3:00 PM           5631 ua.js
-a----          1/9/2026   3:00 PM           6458 ur.cjs
-a----          1/9/2026   3:00 PM            122 ur.d.cts
-a----          1/9/2026   3:00 PM            121 ur.d.ts
-a----          1/9/2026   3:00 PM           5316 ur.js
-a----          1/9/2026   3:00 PM           5977 vi.cjs
-a----          1/9/2026   3:00 PM            122 vi.d.cts
-a----          1/9/2026   3:00 PM            121 vi.d.ts
-a----          1/9/2026   3:00 PM           4835 vi.js
-a----          1/9/2026   3:00 PM           5669 zh-CN.cjs
-a----          1/9/2026   3:00 PM            122 zh-CN.d.cts
-a----          1/9/2026   3:00 PM            121 zh-CN.d.ts
-a----          1/9/2026   3:00 PM           4527 zh-CN.js
-a----          1/9/2026   3:00 PM           5770 zh-TW.cjs
-a----          1/9/2026   3:00 PM            122 zh-TW.d.cts
-a----          1/9/2026   3:00 PM            121 zh-TW.d.ts
-a----          1/9/2026   3:00 PM           4628 zh-TW.js


    Directory: C:\Users\ajaye\.cursor\node_modules\zod\v4\mini


Mode                 LastWriteTime         Length Name
----                 -------------         ------ ----
-a----          1/9/2026   3:00 PM           4141 checks.cjs
-a----          1/9/2026   3:00 PM            677 checks.d.cts
-a----          1/9/2026   3:00 PM            676 checks.d.ts
-a----          1/9/2026   3:00 PM            676 checks.js
-a----          1/9/2026   3:00 PM           1792 coerce.cjs
-a----          1/9/2026   3:00 PM            642 coerce.d.cts
-a----          1/9/2026   3:00 PM            640 coerce.d.ts
-a----          1/9/2026   3:00 PM            570 coerce.js
-a----          1/9/2026   3:00 PM           4774 external.cjs
-a----          1/9/2026   3:00 PM            678 external.d.cts
-a----          1/9/2026   3:00 PM            668 external.d.ts
-a----          1/9/2026   3:00 PM            660 external.js
-a----          1/9/2026   3:00 PM           1443 index.cjs
-a----          1/9/2026   3:00 PM             83 index.d.cts
-a----          1/9/2026   3:00 PM             81 index.d.ts
-a----          1/9/2026   3:00 PM             81 index.js
-a----          1/9/2026   3:00 PM           2481 iso.cjs
-a----          1/9/2026   3:00 PM           1257 iso.d.cts
-a----          1/9/2026   3:00 PM           1255 iso.d.ts
-a----          1/9/2026   3:00 PM           1203 iso.js
-a----          1/9/2026   3:00 PM            690 parse.cjs
-a----          1/9/2026   3:00 PM             82 parse.d.cts
-a----          1/9/2026   3:00 PM             81 parse.d.ts
-a----          1/9/2026   3:00 PM             81 parse.js
-a----          1/9/2026   3:00 PM          28494 schemas.cjs
-a----          1/9/2026   3:00 PM          26107 schemas.d.cts
-a----          1/9/2026   3:00 PM          26105 schemas.d.ts
-a----          1/9/2026   3:00 PM          24070 schemas.js


    Directory: C:\Users\ajaye\.cursor\node_modules\zod\v4-mini


Mode                 LastWriteTime         Length Name
----                 -------------         ------ ----
-a----          1/9/2026   3:00 PM            813 index.cjs
-a----          1/9/2026   3:00 PM             38 index.d.cts
-a----          1/9/2026   3:00 PM             37 index.d.ts
-a----          1/9/2026   3:00 PM             37 index.js


    Directory: C:\Users\ajaye\.cursor\prisma


Mode                 LastWriteTime         Length Name
----                 -------------         ------ ----
-a----         1/19/2026   6:40 PM           5797 schema.prisma


    Directory: C:\Users\ajaye\.cursor\projects


Mode                 LastWriteTime         Length Name
----                 -------------         ------ ----
d-----         1/19/2026   7:08 PM                c-Users-ajaye-cursor


    Directory: C:\Users\ajaye\.cursor\projects\c-Users-ajaye-cursor


Mode                 LastWriteTime         Length Name
----                 -------------         ------ ----
d-----         1/19/2026   7:08 PM                terminals


    Directory: C:\Users\ajaye\.cursor\projects\c-Users-ajaye-cursor\terminals


Mode                 LastWriteTime         Length Name
----                 -------------         ------ ----
-a----         1/20/2026   4:39 PM          50703 1.txt


    Directory: C:\Users\ajaye\.cursor\public


Mode                 LastWriteTime         Length Name
----                 -------------         ------ ----
-a----         1/19/2026   6:40 PM        2108859 logo.png
-a----         1/19/2026   6:40 PM            382 README.md


    Directory: C:\Users\ajaye\.cursor\scripts


Mode                 LastWriteTime         Length Name
----                 -------------         ------ ----
-a----         1/19/2026   6:40 PM           1848 create-superadmin.ts


    Directory: C:\Users\ajaye\.cursor\supabase


Mode                 LastWriteTime         Length Name
----                 -------------         ------ ----
-a----         1/19/2026   6:40 PM           4938 add_employer_account_trigger.sql
-a----         1/19/2026   6:40 PM           1373 add_role_column_to_profiles.sql
-a----         1/19/2026   6:40 PM           7112 add_superadmin_role.sql
-a----         1/19/2026   6:40 PM           5958 add_superadmin_role_PART2.sql
-a----         1/19/2026   6:40 PM           5851 add_superadmin_role_SIMPLE.sql
-a----         1/19/2026   6:40 PM           3382 CHECK_EVERYTHING.sql
-a----         1/19/2026   6:40 PM           5019 create_messages_and_job_postings.sql
-a----         1/19/2026   6:40 PM           2599 create_notifications_table.sql
-a----         1/19/2026   6:40 PM           6009 create_tables_safe.sql
-a----         1/19/2026   6:40 PM           1824 DIAGNOSE_SIGNUP_ERROR.sql
-a----         1/19/2026   6:40 PM           2978 fix_signup_trigger.sql
-a----         1/19/2026   6:40 PM           2034 fix_signup_trigger_BASIC.sql
-a----         1/19/2026   6:40 PM           2581 fix_signup_trigger_MINIMAL.sql
-a----         1/19/2026   6:40 PM           5274 fix_signup_trigger_SAFE.sql
-a----         1/19/2026   6:40 PM           5185 fix_signup_trigger_SIMPLE.sql
-a----         1/19/2026   6:40 PM           1936 fix_signup_trigger_ULTRA_SIMPLE.sql
-a----         1/19/2026  10:03 PM           5349 fix_signup_trigger_WITH_ROLES.sql
-a----         1/19/2026   6:40 PM           2640 fix_signup_trigger_WORKING.sql
-a----         1/19/2026   6:40 PM           4899 fix_superadmin_recursion.sql
-a----         1/19/2026   6:40 PM          10964 migration_safe.sql
-a----         1/19/2026   6:40 PM           6243 rls_policies_with_jwt.sql
-a----         1/19/2026   6:40 PM          22027 schema.sql
-a----         1/19/2026   6:40 PM            340 schema_add_stripe_customer.sql
-a----         1/19/2026   6:40 PM           4413 schema_add_warehousing_industry.sql
-a----         1/19/2026   6:40 PM           5550 schema_add_warehousing_industry_FIXED.sql
-a----         1/19/2026   6:40 PM           4880 schema_add_warehousing_industry_SAFE.sql
-a----         1/19/2026   6:40 PM           6807 schema_employer_tools.sql
-a----         1/19/2026   7:08 PM           6300 schema_healthcare_onboarding.sql
-a----         1/19/2026   6:40 PM           2551 schema_industry_focus.sql
-a----         1/19/2026   6:40 PM           4880 schema_add_warehousing_industry_SAFE.sql
-a----         1/19/2026   6:40 PM           6807 schema_employer_tools.sql
-a----         1/19/2026   7:08 PM           6300 schema_healthcare_onboarding.sql
-a----         1/19/2026   6:40 PM           2551 schema_industry_focus.sql
-a----         1/19/2026   7:08 PM           6238 schema_multi_industry_onboarding.sql
-a----         1/19/2026   6:40 PM           4856 schema_resume_upload.sql
-a----         1/19/2026   6:40 PM           4880 schema_add_warehousing_industry_SAFE.sql
-a----         1/19/2026   6:40 PM           6807 schema_employer_tools.sql
-a----         1/19/2026   7:08 PM           6300 schema_healthcare_onboarding.sql
-a----         1/19/2026   6:40 PM           2551 schema_industry_focus.sql
-a----         1/19/2026   7:08 PM           6238 schema_multi_industry_onboarding.sql
-a----         1/19/2026   6:40 PM           4880 schema_add_warehousing_industry_SAFE.sql
-a----         1/19/2026   6:40 PM           4880 schema_add_warehousing_industry_SAFE.sql
-a----         1/19/2026   6:40 PM           4880 schema_add_warehousing_industry_SAFE.sql
-a----         1/19/2026   6:40 PM           6807 schema_employer_tools.sql
-a----         1/19/2026   6:40 PM           4880 schema_add_warehousing_industry_SAFE.sql
-a----         1/19/2026   6:40 PM           6807 schema_employer_tools.sql
-a----         1/19/2026   6:40 PM           6807 schema_employer_tools.sql
-a----         1/19/2026   7:08 PM           6300 schema_healthcare_onboarding.sql
-a----         1/19/2026   7:08 PM           6300 schema_healthcare_onboarding.sql
-a----         1/19/2026   6:40 PM           2551 schema_industry_focus.sql
-a----         1/19/2026   6:40 PM           2551 schema_industry_focus.sql
-a----         1/19/2026   7:08 PM           6238 schema_multi_industry_onboarding.sql
-a----         1/19/2026   7:08 PM           6238 schema_multi_industry_onboarding.sql
-a----         1/19/2026   6:40 PM           4856 schema_resume_upload.sql
-a----         1/19/2026   6:40 PM           3632 schema_subscriptions_table.sql
-a----         1/19/2026   6:40 PM           4856 schema_resume_upload.sql
-a----         1/19/2026   6:40 PM           3632 schema_subscriptions_table.sql
-a----         1/19/2026   6:40 PM           7919 schema_v2_subscriptions.sql
-a----         1/19/2026   6:40 PM           3632 schema_subscriptions_table.sql
-a----         1/19/2026   6:40 PM           7919 schema_v2_subscriptions.sql
-a----         1/19/2026   6:40 PM           7919 schema_v2_subscriptions.sql
-a----         1/19/2026   6:40 PM          17067 schema_v2_updates.sql
-a----         1/19/2026   6:40 PM           1423 setup_jwt_role_claims.sql
-a----         1/19/2026   6:40 PM           1505 setup_resume_storage.sql
-a----         1/19/2026   6:40 PM           2746 update_handle_new_user_for_role.sql
-a----         1/19/2026   6:40 PM          11122 workvouch_schema_additions.sql


    Directory: C:\Users\ajaye\.cursor\types


Mode                 LastWriteTime         Length Name
----                 -------------         ------ ----
-a----         1/19/2026   6:40 PM           7108 database.ts
-a----         1/19/2026   6:40 PM            446 next-auth.d.ts


PS C:\Users\ajaye\.cursor> git add .
warning: in the working copy of 'projects/c-Users-ajaye-cursor/terminals/1.txt', LF will be replaced by CRLF the next time Git touches it
PS C:\Users\ajaye\.cursor> git commit -m "fix: supabase insert typing on jobs"
[main e5cc2f5] fix: supabase insert typing on jobs
 22 files changed, 1059 insertions(+), 837 deletions(-)
PS C:\Users\ajaye\.cursor> git push
Enumerating objects: 104, done.
Counting objects: 100% (104/104), done.
Delta compression using up to 16 threads
Compressing objects: 100% (42/42), done.
Writing objects: 100% (54/54), 91.93 KiB | 2.70 MiB/s, done.
Total 54 (delta 29), reused 0 (delta 0), pack-reused 0 (from 0)
remote: Resolving deltas: 100% (29/29), completed with 27 local objects.
remote: This repository moved. Please use the new location:
remote:   https://github.com/Blackthor84/WorkVouch.git
To https://github.com/Blackthor84/workvouch.git
   b088293..e5cc2f5  main -> main
PS C:\Users\ajaye\.cursor> git add .
warning: in the working copy of 'projects/c-Users-ajaye-cursor/terminals/1.txt', LF will be replaced by CRLF the next time Git touches it
PS C:\Users\ajaye\.cursor> git commit -m "Fix industry type error for warehouse onboarding"
[main 9158f81] Fix industry type error for warehouse onboarding
 3 files changed, 31 insertions(+), 23 deletions(-)
PS C:\Users\ajaye\.cursor> git push
Enumerating objects: 23, done.
Counting objects: 100% (23/23), done.
Delta compression using up to 16 threads
Compressing objects: 100% (8/8), done.
Writing objects: 100% (12/12), 4.39 KiB | 264.00 KiB/s, done.
Total 12 (delta 6), reused 0 (delta 0), pack-reused 0 (from 0)
remote: Resolving deltas: 100% (6/6), completed with 6 local objects.
remote: This repository moved. Please use the new location:
remote:   https://github.com/Blackthor84/WorkVouch.git
To https://github.com/Blackthor84/workvouch.git
   e5cc2f5..9158f81  main -> main
PS C:\Users\ajaye\.cursor> git add .
warning: in the working copy of 'projects/c-Users-ajaye-cursor/terminals/1.txt', LF will be replaced by CRLF the next time Git touches it
PS C:\Users\ajaye\.cursor> git commit -m "Fix industry type error for warehouse onboarding"
[main 784e034] Fix industry type error for warehouse onboarding
 11 files changed, 159 insertions(+), 47 deletions(-)
PS C:\Users\ajaye\.cursor> git push
Enumerating objects: 57, done.
Counting objects: 100% (57/57), done.
Delta compression using up to 16 threads
Compressing objects: 100% (22/22), done.
Writing objects: 100% (29/29), 10.58 KiB | 433.00 KiB/s, done.
Total 29 (delta 20), reused 0 (delta 0), pack-reused 0 (from 0)
remote: Resolving deltas: 100% (20/20), completed with 20 local objects.
remote: This repository moved. Please use the new location:
remote:   https://github.com/Blackthor84/WorkVouch.git
To https://github.com/Blackthor84/workvouch.git
   9158f81..784e034  main -> main
PS C:\Users\ajaye\.cursor> git add . && git commit -m "fix: convert Set spreads + update tsconfig for downlevelIteration" && git push origin main
At line:1 char:11
+ git add . && git commit -m "fix: convert Set spreads + update tsconfi ...
+           ~~
The token '&&' is not a valid statement separator in this version.
At line:1 char:96
+ ... vert Set spreads + update tsconfig for downlevelIteration" && git pus ...
+                                                                ~~
The token '&&' is not a valid statement separator in this version.
    + CategoryInfo          : ParserError: (:) [], ParentContainsErrorRecordException
    + FullyQualifiedErrorId : InvalidEndOfLine

PS C:\Users\ajaye\.cursor> git add . && git commit -m "fix: convert Set spreads + update tsconfig for downlevelIteration" && git push origin main
At line:1 char:11
+ git add . && git commit -m "fix: convert Set spreads + update tsconfi ...
+           ~~
The token '&&' is not a valid statement separator in this version.
At line:1 char:96
+ ... vert Set spreads + update tsconfig for downlevelIteration" && git pus ...
+                                                                ~~
The token '&&' is not a valid statement separator in this version.
    + CategoryInfo          : ParserError: (:) [], ParentContainsErrorRecordException
    + FullyQualifiedErrorId : InvalidEndOfLine

PS C:\Users\ajaye\.cursor> git add .
warning: in the working copy of 'projects/c-Users-ajaye-cursor/terminals/1.txt', LF will be replaced by CRLF the next time Git touches it
warning: in the working copy of 'tsconfig.json', LF will be replaced by CRLF the next time Git touches it
PS C:\Users\ajaye\.cursor> git commit -m "fix: convert Set spreads + update tsconfig for downlevelIteration"
[main d8ae5e2] fix: convert Set spreads + update tsconfig for downlevelIteration
 4 files changed, 46 insertions(+), 46 deletions(-)
PS C:\Users\ajaye\.cursor> git push origin main
Enumerating objects: 23, done.
Counting objects: 100% (23/23), done.
Delta compression using up to 16 threads
Compressing objects: 100% (8/8), done.
Writing objects: 100% (12/12), 17.86 KiB | 731.00 KiB/s, done.
Total 12 (delta 7), reused 0 (delta 0), pack-reused 0 (from 0)
remote: Resolving deltas: 100% (7/7), completed with 7 local objects.
remote: This repository moved. Please use the new location:
remote:   https://github.com/Blackthor84/WorkVouch.git
To https://github.com/Blackthor84/workvouch.git
   784e034..d8ae5e2  main -> main
PS C:\Users\ajaye\.cursor> git add .
warning: in the working copy of 'projects/c-Users-ajaye-cursor/terminals/1.txt', LF will be replaced by CRLF the next time Git touches it
PS C:\Users\ajaye\.cursor> git commit -m "fix: convert Set spreads + update tsconfig for downlevelIteration"
[main f179d13] fix: convert Set spreads + update tsconfig for downlevelIteration
 3 files changed, 20 insertions(+), 21 deletions(-)
PS C:\Users\ajaye\.cursor> git push origin main
Enumerating objects: 21, done.
Counting objects: 100% (21/21), done.
Delta compression using up to 16 threads
Compressing objects: 100% (7/7), done.
Writing objects: 100% (11/11), 7.86 KiB | 335.00 KiB/s, done.
Total 11 (delta 6), reused 0 (delta 0), pack-reused 0 (from 0)
remote: Resolving deltas: 100% (6/6), completed with 6 local objects.
remote: This repository moved. Please use the new location:
remote:   https://github.com/Blackthor84/WorkVouch.git
To https://github.com/Blackthor84/workvouch.git
   d8ae5e2..f179d13  main -> main
PS C:\Users\ajaye\.cursor> git add .
warning: in the working copy of 'projects/c-Users-ajaye-cursor/terminals/1.txt', LF will be replaced by CRLF the next time Git touches it
PS C:\Users\ajaye\.cursor> git commit -m "fix: convert Set spreads + update tsconfig for downlevelIteration"
[main c43691f] fix: convert Set spreads + update tsconfig for downlevelIteration
 3 files changed, 36 insertions(+), 36 deletions(-)
PS C:\Users\ajaye\.cursor> git push origin main
Enumerating objects: 21, done.
Counting objects: 100% (21/21), done.
Delta compression using up to 16 threads
Compressing objects: 100% (7/7), done.
Writing objects: 100% (11/11), 16.42 KiB | 600.00 KiB/s, done.
Total 11 (delta 6), reused 0 (delta 0), pack-reused 0 (from 0)
remote: Resolving deltas: 100% (6/6), completed with 6 local objects.
remote: This repository moved. Please use the new location:
remote:   https://github.com/Blackthor84/WorkVouch.git
To https://github.com/Blackthor84/workvouch.git
   f179d13..c43691f  main -> main
PS C:\Users\ajaye\.cursor> git add .
warning: in the working copy of 'projects/c-Users-ajaye-cursor/terminals/1.txt', LF will be replaced by CRLF the next time Git touches it
PS C:\Users\ajaye\.cursor> git commit -m "fix: convert Set spreads + update tsconfig for downlevelIteration"
[main 6241d9c] fix: convert Set spreads + update tsconfig for downlevelIteration
 4 files changed, 73 insertions(+), 69 deletions(-)
PS C:\Users\ajaye\.cursor> git push origin main
Enumerating objects: 23, done.
Counting objects: 100% (23/23), done.
Delta compression using up to 16 threads
Compressing objects: 100% (7/7), done.
Writing objects: 100% (12/12), 19.90 KiB | 702.00 KiB/s, done.
Total 12 (delta 6), reused 0 (delta 0), pack-reused 0 (from 0)
remote: Resolving deltas: 100% (6/6), completed with 6 local objects.
remote: This repository moved. Please use the new location:
remote:   https://github.com/Blackthor84/WorkVouch.git
To https://github.com/Blackthor84/workvouch.git
   c43691f..6241d9c  main -> main
PS C:\Users\ajaye\.cursor> git add .
warning: in the working copy of 'projects/c-Users-ajaye-cursor/terminals/1.txt', LF will be replaced by CRLF the next time Git touches it
PS C:\Users\ajaye\.cursor> git commit -m "fix: convert Set spreads + update tsconfig for downlevelIteration"
[main 3bf0ec1] fix: convert Set spreads + update tsconfig for downlevelIteration
 3 files changed, 25 insertions(+), 19 deletions(-)
PS C:\Users\ajaye\.cursor> git push origin main
Enumerating objects: 19, done.
Counting objects: 100% (19/19), done.
Delta compression using up to 16 threads
Compressing objects: 100% (6/6), done.
Writing objects: 100% (10/10), 4.71 KiB | 209.00 KiB/s, done.
Total 10 (delta 5), reused 0 (delta 0), pack-reused 0 (from 0)
remote: Resolving deltas: 100% (5/5), completed with 5 local objects.
remote: This repository moved. Please use the new location:
remote:   https://github.com/Blackthor84/WorkVouch.git
To https://github.com/Blackthor84/workvouch.git
   6241d9c..3bf0ec1  main -> main
PS C:\Users\ajaye\.cursor> npm install next-auth

added 15 packages, and audited 597 packages in 7s

165 packages are looking for funding
  run `npm fund` for details

5 vulnerabilities (3 low, 2 high)

To address issues that do not require attention, run:
  npm audit fix

To address all issues possible (including breaking changes), run:
  npm audit fix --force

Some issues need review, and may require choosing
a different dependency.

Run `npm audit` for details.
PS C:\Users\ajaye\.cursor> npm install --save-dev @types/next-auth
npm warn deprecated glob@7.2.3: Glob versions prior to v9 are no longer supported
npm warn deprecated jose@1.28.2: this version is no longer supported

added 40 packages, and audited 637 packages in 11s

172 packages are looking for funding
  run `npm fund` for details

9 vulnerabilities (3 low, 2 moderate, 3 high, 1 critical)

To address issues that do not require attention, run:
  npm audit fix

To address all issues possible (including breaking changes), run:
  npm audit fix --force

Some issues need review, and may require choosing
a different dependency.

Run `npm audit` for details.
PS C:\Users\ajaye\.cursor> npm run build

> workvouch@0.1.0 build
> next build

▲ Next.js 16.1.4 (Turbopack)
- Environments: .env.local

  Creating an optimized production build ...
✓ Compiled successfully in 5.6s
  Running TypeScript  .Failed to compile.

./components/superadmin/role-manager.tsx:47:17
Type error: Argument of type '{ role: string; }' is not assignable to parameter of type 'never'.

  45 |       const { error } = await supabase
  46 |         .from('profiles')
> 47 |         .update({ role: newRole })
     |                 ^
  48 |         .eq('id', id)
  49 |
  50 |       if (error) throw error
Next.js build worker exited with code: 1 and signal: null
PS C:\Users\ajaye\.cursor> git add . git commit -m "fix: convert Set spreads + update tsconfig for downlevelIteration" git push origin main
error: unknown switch `m'
usage: git add [<options>] [--] <pathspec>...

    -n, --[no-]dry-run    dry run
    -v, --[no-]verbose    be verbose

    -i, --[no-]interactive
                          interactive picking
    -p, --[no-]patch      select hunks interactively
    -U, --unified <n>     generate diffs with <n> lines context
    --inter-hunk-context <n>
                          show context between diff hunks up to the specified number of lines
    -e, --[no-]edit       edit current diff and apply
    -f, --[no-]force      allow adding otherwise ignored files
    -u, --[no-]update     update tracked files
    --[no-]renormalize    renormalize EOL of tracked files (implies -u)
    -N, --[no-]intent-to-add
                          record only the fact that the path will be added later
    -A, --[no-]all        add changes from all tracked and untracked files
    --[no-]ignore-removal ignore paths removed in the working tree (same as --no-all)
    --[no-]refresh        don't add, only refresh the index
    --[no-]ignore-errors  just skip files which cannot be added because of errors
    --[no-]ignore-missing check if - even missing - files are ignored in dry run
    --[no-]sparse         allow updating entries outside of the sparse-checkout cone
    --[no-]chmod (+|-)x   override the executable bit of the listed files
    --[no-]pathspec-from-file <file>
                          read pathspec from file
    --[no-]pathspec-file-nul
                          with --pathspec-from-file, pathspec elements are separated with NUL character

PS C:\Users\ajaye\.cursor> git push origin maingit add .
fatal: invalid refspec '.'
PS C:\Users\ajaye\.cursor> git commit -m "fix: convert Set spreads + update tsconfig for downlevelIteration"
On branch main
Your branch is up to date with 'origin/main'.

Changes not staged for commit:
  (use "git add <file>..." to update what will be committed)
  (use "git restore <file>..." to discard changes in working directory)
        modified:   ai-tracking/ai-code-tracking.db
        modified:   package-lock.json
        modified:   package.json
        modified:   projects/c-Users-ajaye-cursor/terminals/1.txt

no changes added to commit (use "git add" and/or "git commit -a")
PS C:\Users\ajaye\.cursor> git push origin main
Everything up-to-date
PS C:\Users\ajaye\.cursor> # 1 Check the status of your files
PS C:\Users\ajaye\.cursor> git status
On branch main
Your branch is up to date with 'origin/main'.

Changes not staged for commit:
  (use "git add <file>..." to update what will be committed)
  (use "git restore <file>..." to discard changes in working directory)
        modified:   ai-tracking/ai-code-tracking.db
        modified:   components/superadmin/role-manager.tsx
        modified:   components/trust-score-card.tsx
        modified:   package-lock.json
        modified:   package.json
        modified:   projects/c-Users-ajaye-cursor/terminals/1.txt

Untracked files:
  (use "git add <file>..." to include in what will be committed)
        types/global.d.ts

no changes added to commit (use "git add" and/or "git commit -a")
PS C:\Users\ajaye\.cursor>
PS C:\Users\ajaye\.cursor> # 2 Stage all changes for commit
PS C:\Users\ajaye\.cursor> git add .
warning: in the working copy of 'projects/c-Users-ajaye-cursor/terminals/1.txt', LF will be replaced by CRLF the next time Git touches it
PS C:\Users\ajaye\.cursor> 
PS C:\Users\ajaye\.cursor> # 3 Commit the changes with a clear message
PS C:\Users\ajaye\.cursor> git commit -m "fix: add next-auth, TypeScript types, and global declarations"
[main 7ba61ff] fix: add next-auth, TypeScript types, and global declarations
 7 files changed, 959 insertions(+), 164 deletions(-)
 create mode 100644 types/global.d.ts
PS C:\Users\ajaye\.cursor> 
PS C:\Users\ajaye\.cursor> # 4 Push changes to the main branch
PS C:\Users\ajaye\.cursor> git push origin main
Enumerating objects: 30, done.
Counting objects: 100% (30/30), done.
Delta compression using up to 16 threads
Compressing objects: 100% (11/11), done.
Writing objects: 100% (16/16), 25.00 KiB | 853.00 KiB/s, done.
Total 16 (delta 8), reused 0 (delta 0), pack-reused 0 (from 0)
remote: Resolving deltas: 100% (8/8), completed with 8 local objects.
remote: This repository moved. Please use the new location:
remote:   https://github.com/Blackthor84/WorkVouch.git
To https://github.com/Blackthor84/workvouch.git
   3bf0ec1..7ba61ff  main -> main
PS C:\Users\ajaye\.cursor> # 1 Check the status of your files
PS C:\Users\ajaye\.cursor> git status
On branch main
Your branch is up to date with 'origin/main'.

Changes not staged for commit:
  (use "git add <file>..." to update what will be committed)
  (use "git restore <file>..." to discard changes in working directory)
        modified:   ai-tracking/ai-code-tracking.db
        modified:   app/api/admin/approve-verification/route.ts
        modified:   app/api/admin/reject-verification/route.ts
        modified:   app/api/admin/resolve-dispute/route.ts
        modified:   app/api/employer/file-dispute/route.ts
        modified:   app/api/employer/request-verification/route.ts
        modified:   app/api/user/add-job/route.ts
        modified:   app/api/user/edit-job/route.ts
        modified:   app/api/user/filter-coworkers/route.ts
        modified:   app/api/user/request-verification/route.ts
        modified:   app/api/user/set-visibility/route.ts
        modified:   components/ui/badge.tsx
        modified:   components/ui/button.tsx
        modified:   components/ui/switch.tsx
        modified:   lib/actions/admin.ts
        modified:   lib/actions/connections.ts
        modified:   lib/actions/create-profile.ts
        modified:   lib/actions/employer-purchases.ts
        modified:   lib/actions/employer.ts
        modified:   lib/actions/employer/candidate-search.ts
        modified:   lib/actions/employer/job-postings.ts
        modified:   lib/actions/employer/messages.ts
        modified:   lib/actions/employer/saved-candidates.ts
        modified:   lib/actions/jobs.ts
        modified:   lib/actions/notifications.ts
        modified:   lib/actions/profile.ts
        modified:   lib/actions/references.ts
        modified:   lib/actions/subscription-helpers.ts
        modified:   lib/actions/subscriptions.ts
        modified:   lib/ai/matching.ts
        modified:   lib/auth.ts
        modified:   lib/checkSubscription.ts
        modified:   lib/middleware/plan-enforcement-supabase.ts
        modified:   lib/middleware/plan-enforcement.ts
        modified:   lib/stripe/config.ts
        modified:   package-lock.json
        modified:   package.json
        modified:   projects/c-Users-ajaye-cursor/terminals/1.txt
        modified:   scripts/create-superadmin.ts

no changes added to commit (use "git add" and/or "git commit -a")
PS C:\Users\ajaye\.cursor>
PS C:\Users\ajaye\.cursor> # 2 Stage all changes for commit
PS C:\Users\ajaye\.cursor> git add .
warning: in the working copy of 'projects/c-Users-ajaye-cursor/terminals/1.txt', LF will be replaced by CRLF the next time Git touches it
PS C:\Users\ajaye\.cursor>
PS C:\Users\ajaye\.cursor> # 3 Commit the changes with a clear message
PS C:\Users\ajaye\.cursor> git commit -m "fix: add next-auth, TypeScript types, and global declarations"
[main 11921c0] fix: add next-auth, TypeScript types, and global declarations
 39 files changed, 2034 insertions(+), 1538 deletions(-)
PS C:\Users\ajaye\.cursor>
PS C:\Users\ajaye\.cursor> # 4 Push changes to the main branch
PS C:\Users\ajaye\.cursor> git push origin main
Enumerating objects: 132, done.
Counting objects: 100% (132/132), done.
Delta compression using up to 16 threads
Compressing objects: 100% (54/54), done.
Writing objects: 100% (69/69), 97.33 KiB | 2.43 MiB/s, done.
Total 69 (delta 47), reused 0 (delta 0), pack-reused 0 (from 0)
remote: Resolving deltas: 100% (47/47), completed with 43 local objects.
remote: This repository moved. Please use the new location:
remote:   https://github.com/Blackthor84/WorkVouch.git
To https://github.com/Blackthor84/workvouch.git
   7ba61ff..11921c0  main -> main
PS C:\Users\ajaye\.cursor> # 1️⃣ Check the status of your files git status # 2️⃣ Stage all changes for commit git add . # 3️⃣ Commit the changes with a clear message git commit -m "fix: add next-auth, TypeScript types, and global declarations" # 4️⃣ Push changes to the main branch git push origin magit add . && git commit -m "Update from Cursor" && git push origin main
>> git add . && git commit -m "Update from Cursor" && git push origin main
>>
At line:2 char:11
+ git add . && git commit -m "Update from Cursor" && git push origin ma ...
+           ~~
The token '&&' is not a valid statement separator in this version.
At line:2 char:49
+ git add . && git commit -m "Update from Cursor" && git push origin ma ...
+                                                 ~~
The token '&&' is not a valid statement separator in this version.
    + CategoryInfo          : ParserError: (:) [], ParentContainsErrorRecordException
    + FullyQualifiedErrorId : InvalidEndOfLine

PS C:\Users\ajaye\.cursor> # 1️⃣ Initialize a new Git repository (if not already initialized)
>> git init
>>
>> # 2️⃣ Add all files from your Cursor project
>> git add .
>>
>> # 3️⃣ Commit the files with a message
>> git commit -m "Initial commit from Cursor"
>>
>> # 4️⃣ Add your GitHub remote (replace USERNAME and REPO with your GitHub info)
>> git remote add origin https://github.com/USERNAME/REPO.git
>>
>> # 5️⃣ Push to the main branch on GitHub
>> git branch -M main
>> git push -u origin main
>>
Reinitialized existing Git repository in C:/Users/ajaye/.cursor/.git/
warning: in the working copy of 'projects/c-Users-ajaye-cursor/terminals/1.txt', LF will be replaced by CRLF the next time Git touches it
[main 4bf5483] Initial commit from Cursor
 2 files changed, 59 insertions(+), 55 deletions(-)
error: remote origin already exists.
Enumerating objects: 15, done.
Counting objects: 100% (15/15), done.
Delta compression using up to 16 threads
Compressing objects: 100% (4/4), done.
Writing objects: 100% (8/8), 1.62 KiB | 829.00 KiB/s, done.
Total 8 (delta 3), reused 0 (delta 0), pack-reused 0 (from 0)
remote: Resolving deltas: 100% (3/3), completed with 3 local objects.
remote: This repository moved. Please use the new location:
remote:   https://github.com/Blackthor84/WorkVouch.git
To https://github.com/Blackthor84/workvouch.git
   11921c0..4bf5483  main -> main
branch 'main' set up to track 'origin/main'.
PS C:\Users\ajaye\.cursor> New-Item push.ps1 -ItemType File -Value 'git add .; git commit -m "auto push from cursor"; git push'


    Directory: C:\Users\ajaye\.cursor


Mode                 LastWriteTime         Length Name
----                 -------------         ------ ----
-a----         1/21/2026   9:17 AM             58 push.ps1


PS C:\Users\ajaye\.cursor> push
push : The term 'push' is not recognized as the name of a cmdlet, function, script file, or operable program. Check the spelling of the 
name, or if a path was included, verify that the path is correct and try again.
At line:1 char:1
+ push
+ ~~~~
    + CategoryInfo          : ObjectNotFound: (push:String) [], CommandNotFoundException
    + FullyQualifiedErrorId : CommandNotFoundException


Suggestion [3,General]: The command push was not found, but does exist in the current location. Windows PowerShell does not load commands from the current location by default. If you trust this command, instead type: ".\push". See "get-help about_Command_Precedence" for more details.
PS C:\Users\ajaye\.cursor> ./push.ps1